../../Drivers/STM32WLxx_HAL_Driver/Inc/stm32wlxx_ll_rcc.h:1257:22:LL_RCC_LSE_SetDriveCapability	16	static
../../Drivers/STM32WLxx_HAL_Driver/Inc/stm32wlxx_ll_bus.h:449:22:LL_AHB2_GRP1_EnableClock	24	static
../Core/Src/main.c:57:7:DDM_To_DD	40	static
../Core/Src/main.c:76:5:main	2776	static
../Core/Src/main.c:173:6:SystemClock_Config	112	static
../Core/Src/main.c:223:13:MX_I2C1_Init	8	static
../Core/Src/main.c:271:13:MX_USART2_UART_Init	8	static
../Core/Src/main.c:319:13:MX_GPIO_Init	8	static
../Core/Src/main.c:337:6:Error_Handler	4	static,ignoring_inline_asm
