14:23:11 **** Build of configuration Debug for project BusTracker_CM0PLUS ****
make -j7 all 
arm-none-eabi-gcc "/Users/airlanggafidiyanto/Documents/Kuliah/Skripsi/bus-tracker/BusTracker/Drivers/STM32WLxx_HAL_Driver/Src/stm32wlxx_hal.c" -mcpu=cortex-m0plus -std=gnu11 -g3 -DDEBUG -DCORE_CM0PLUS -DSTM32WL55xx -DUSE_HAL_DRIVER -c -I../Core/Inc -I../../Drivers/STM32WLxx_HAL_Driver/Inc -I../../Drivers/STM32WLxx_HAL_Driver/Inc/Legacy -I../../Drivers/CMSIS/Device/ST/STM32WLxx/Include -I../../Drivers/CMSIS/Include -O0 -ffunction-sections -fdata-sections -Wall -fstack-usage -MMD -MP -MF"Drivers/STM32WLxx_HAL_Driver/stm32wlxx_hal.d" -MT"Drivers/STM32WLxx_HAL_Driver/stm32wlxx_hal.o" --specs=nano.specs -mfloat-abi=soft -mthumb -o "Drivers/STM32WLxx_HAL_Driver/stm32wlxx_hal.o"
arm-none-eabi-gcc "/Users/airlanggafidiyanto/Documents/Kuliah/Skripsi/bus-tracker/BusTracker/Drivers/STM32WLxx_HAL_Driver/Src/stm32wlxx_hal_cortex.c" -mcpu=cortex-m0plus -std=gnu11 -g3 -DDEBUG -DCORE_CM0PLUS -DSTM32WL55xx -DUSE_HAL_DRIVER -c -I../Core/Inc -I../../Drivers/STM32WLxx_HAL_Driver/Inc -I../../Drivers/STM32WLxx_HAL_Driver/Inc/Legacy -I../../Drivers/CMSIS/Device/ST/STM32WLxx/Include -I../../Drivers/CMSIS/Include -O0 -ffunction-sections -fdata-sections -Wall -fstack-usage -MMD -MP -MF"Drivers/STM32WLxx_HAL_Driver/stm32wlxx_hal_cortex.d" -MT"Drivers/STM32WLxx_HAL_Driver/stm32wlxx_hal_cortex.o" --specs=nano.specs -mfloat-abi=soft -mthumb -o "Drivers/STM32WLxx_HAL_Driver/stm32wlxx_hal_cortex.o"
arm-none-eabi-gcc "/Users/airlanggafidiyanto/Documents/Kuliah/Skripsi/bus-tracker/BusTracker/Drivers/STM32WLxx_HAL_Driver/Src/stm32wlxx_hal_dma.c" -mcpu=cortex-m0plus -std=gnu11 -g3 -DDEBUG -DCORE_CM0PLUS -DSTM32WL55xx -DUSE_HAL_DRIVER -c -I../Core/Inc -I../../Drivers/STM32WLxx_HAL_Driver/Inc -I../../Drivers/STM32WLxx_HAL_Driver/Inc/Legacy -I../../Drivers/CMSIS/Device/ST/STM32WLxx/Include -I../../Drivers/CMSIS/Include -O0 -ffunction-sections -fdata-sections -Wall -fstack-usage -MMD -MP -MF"Drivers/STM32WLxx_HAL_Driver/stm32wlxx_hal_dma.d" -MT"Drivers/STM32WLxx_HAL_Driver/stm32wlxx_hal_dma.o" --specs=nano.specs -mfloat-abi=soft -mthumb -o "Drivers/STM32WLxx_HAL_Driver/stm32wlxx_hal_dma.o"
arm-none-eabi-gcc "/Users/airlanggafidiyanto/Documents/Kuliah/Skripsi/bus-tracker/BusTracker/Drivers/STM32WLxx_HAL_Driver/Src/stm32wlxx_hal_dma_ex.c" -mcpu=cortex-m0plus -std=gnu11 -g3 -DDEBUG -DCORE_CM0PLUS -DSTM32WL55xx -DUSE_HAL_DRIVER -c -I../Core/Inc -I../../Drivers/STM32WLxx_HAL_Driver/Inc -I../../Drivers/STM32WLxx_HAL_Driver/Inc/Legacy -I../../Drivers/CMSIS/Device/ST/STM32WLxx/Include -I../../Drivers/CMSIS/Include -O0 -ffunction-sections -fdata-sections -Wall -fstack-usage -MMD -MP -MF"Drivers/STM32WLxx_HAL_Driver/stm32wlxx_hal_dma_ex.d" -MT"Drivers/STM32WLxx_HAL_Driver/stm32wlxx_hal_dma_ex.o" --specs=nano.specs -mfloat-abi=soft -mthumb -o "Drivers/STM32WLxx_HAL_Driver/stm32wlxx_hal_dma_ex.o"
arm-none-eabi-gcc "/Users/airlanggafidiyanto/Documents/Kuliah/Skripsi/bus-tracker/BusTracker/Drivers/STM32WLxx_HAL_Driver/Src/stm32wlxx_hal_exti.c" -mcpu=cortex-m0plus -std=gnu11 -g3 -DDEBUG -DCORE_CM0PLUS -DSTM32WL55xx -DUSE_HAL_DRIVER -c -I../Core/Inc -I../../Drivers/STM32WLxx_HAL_Driver/Inc -I../../Drivers/STM32WLxx_HAL_Driver/Inc/Legacy -I../../Drivers/CMSIS/Device/ST/STM32WLxx/Include -I../../Drivers/CMSIS/Include -O0 -ffunction-sections -fdata-sections -Wall -fstack-usage -MMD -MP -MF"Drivers/STM32WLxx_HAL_Driver/stm32wlxx_hal_exti.d" -MT"Drivers/STM32WLxx_HAL_Driver/stm32wlxx_hal_exti.o" --specs=nano.specs -mfloat-abi=soft -mthumb -o "Drivers/STM32WLxx_HAL_Driver/stm32wlxx_hal_exti.o"
arm-none-eabi-gcc "/Users/airlanggafidiyanto/Documents/Kuliah/Skripsi/bus-tracker/BusTracker/Drivers/STM32WLxx_HAL_Driver/Src/stm32wlxx_hal_flash.c" -mcpu=cortex-m0plus -std=gnu11 -g3 -DDEBUG -DCORE_CM0PLUS -DSTM32WL55xx -DUSE_HAL_DRIVER -c -I../Core/Inc -I../../Drivers/STM32WLxx_HAL_Driver/Inc -I../../Drivers/STM32WLxx_HAL_Driver/Inc/Legacy -I../../Drivers/CMSIS/Device/ST/STM32WLxx/Include -I../../Drivers/CMSIS/Include -O0 -ffunction-sections -fdata-sections -Wall -fstack-usage -MMD -MP -MF"Drivers/STM32WLxx_HAL_Driver/stm32wlxx_hal_flash.d" -MT"Drivers/STM32WLxx_HAL_Driver/stm32wlxx_hal_flash.o" --specs=nano.specs -mfloat-abi=soft -mthumb -o "Drivers/STM32WLxx_HAL_Driver/stm32wlxx_hal_flash.o"
arm-none-eabi-gcc "/Users/airlanggafidiyanto/Documents/Kuliah/Skripsi/bus-tracker/BusTracker/Drivers/STM32WLxx_HAL_Driver/Src/stm32wlxx_hal_flash_ex.c" -mcpu=cortex-m0plus -std=gnu11 -g3 -DDEBUG -DCORE_CM0PLUS -DSTM32WL55xx -DUSE_HAL_DRIVER -c -I../Core/Inc -I../../Drivers/STM32WLxx_HAL_Driver/Inc -I../../Drivers/STM32WLxx_HAL_Driver/Inc/Legacy -I../../Drivers/CMSIS/Device/ST/STM32WLxx/Include -I../../Drivers/CMSIS/Include -O0 -ffunction-sections -fdata-sections -Wall -fstack-usage -MMD -MP -MF"Drivers/STM32WLxx_HAL_Driver/stm32wlxx_hal_flash_ex.d" -MT"Drivers/STM32WLxx_HAL_Driver/stm32wlxx_hal_flash_ex.o" --specs=nano.specs -mfloat-abi=soft -mthumb -o "Drivers/STM32WLxx_HAL_Driver/stm32wlxx_hal_flash_ex.o"
arm-none-eabi-gcc "/Users/airlanggafidiyanto/Documents/Kuliah/Skripsi/bus-tracker/BusTracker/Drivers/STM32WLxx_HAL_Driver/Src/stm32wlxx_hal_gpio.c" -mcpu=cortex-m0plus -std=gnu11 -g3 -DDEBUG -DCORE_CM0PLUS -DSTM32WL55xx -DUSE_HAL_DRIVER -c -I../Core/Inc -I../../Drivers/STM32WLxx_HAL_Driver/Inc -I../../Drivers/STM32WLxx_HAL_Driver/Inc/Legacy -I../../Drivers/CMSIS/Device/ST/STM32WLxx/Include -I../../Drivers/CMSIS/Include -O0 -ffunction-sections -fdata-sections -Wall -fstack-usage -MMD -MP -MF"Drivers/STM32WLxx_HAL_Driver/stm32wlxx_hal_gpio.d" -MT"Drivers/STM32WLxx_HAL_Driver/stm32wlxx_hal_gpio.o" --specs=nano.specs -mfloat-abi=soft -mthumb -o "Drivers/STM32WLxx_HAL_Driver/stm32wlxx_hal_gpio.o"
arm-none-eabi-gcc "/Users/airlanggafidiyanto/Documents/Kuliah/Skripsi/bus-tracker/BusTracker/Drivers/STM32WLxx_HAL_Driver/Src/stm32wlxx_hal_pwr.c" -mcpu=cortex-m0plus -std=gnu11 -g3 -DDEBUG -DCORE_CM0PLUS -DSTM32WL55xx -DUSE_HAL_DRIVER -c -I../Core/Inc -I../../Drivers/STM32WLxx_HAL_Driver/Inc -I../../Drivers/STM32WLxx_HAL_Driver/Inc/Legacy -I../../Drivers/CMSIS/Device/ST/STM32WLxx/Include -I../../Drivers/CMSIS/Include -O0 -ffunction-sections -fdata-sections -Wall -fstack-usage -MMD -MP -MF"Drivers/STM32WLxx_HAL_Driver/stm32wlxx_hal_pwr.d" -MT"Drivers/STM32WLxx_HAL_Driver/stm32wlxx_hal_pwr.o" --specs=nano.specs -mfloat-abi=soft -mthumb -o "Drivers/STM32WLxx_HAL_Driver/stm32wlxx_hal_pwr.o"
arm-none-eabi-gcc "/Users/airlanggafidiyanto/Documents/Kuliah/Skripsi/bus-tracker/BusTracker/Drivers/STM32WLxx_HAL_Driver/Src/stm32wlxx_hal_pwr_ex.c" -mcpu=cortex-m0plus -std=gnu11 -g3 -DDEBUG -DCORE_CM0PLUS -DSTM32WL55xx -DUSE_HAL_DRIVER -c -I../Core/Inc -I../../Drivers/STM32WLxx_HAL_Driver/Inc -I../../Drivers/STM32WLxx_HAL_Driver/Inc/Legacy -I../../Drivers/CMSIS/Device/ST/STM32WLxx/Include -I../../Drivers/CMSIS/Include -O0 -ffunction-sections -fdata-sections -Wall -fstack-usage -MMD -MP -MF"Drivers/STM32WLxx_HAL_Driver/stm32wlxx_hal_pwr_ex.d" -MT"Drivers/STM32WLxx_HAL_Driver/stm32wlxx_hal_pwr_ex.o" --specs=nano.specs -mfloat-abi=soft -mthumb -o "Drivers/STM32WLxx_HAL_Driver/stm32wlxx_hal_pwr_ex.o"
arm-none-eabi-gcc "/Users/airlanggafidiyanto/Documents/Kuliah/Skripsi/bus-tracker/BusTracker/Drivers/STM32WLxx_HAL_Driver/Src/stm32wlxx_hal_rcc.c" -mcpu=cortex-m0plus -std=gnu11 -g3 -DDEBUG -DCORE_CM0PLUS -DSTM32WL55xx -DUSE_HAL_DRIVER -c -I../Core/Inc -I../../Drivers/STM32WLxx_HAL_Driver/Inc -I../../Drivers/STM32WLxx_HAL_Driver/Inc/Legacy -I../../Drivers/CMSIS/Device/ST/STM32WLxx/Include -I../../Drivers/CMSIS/Include -O0 -ffunction-sections -fdata-sections -Wall -fstack-usage -MMD -MP -MF"Drivers/STM32WLxx_HAL_Driver/stm32wlxx_hal_rcc.d" -MT"Drivers/STM32WLxx_HAL_Driver/stm32wlxx_hal_rcc.o" --specs=nano.specs -mfloat-abi=soft -mthumb -o "Drivers/STM32WLxx_HAL_Driver/stm32wlxx_hal_rcc.o"
arm-none-eabi-gcc "/Users/airlanggafidiyanto/Documents/Kuliah/Skripsi/bus-tracker/BusTracker/Drivers/STM32WLxx_HAL_Driver/Src/stm32wlxx_hal_rcc_ex.c" -mcpu=cortex-m0plus -std=gnu11 -g3 -DDEBUG -DCORE_CM0PLUS -DSTM32WL55xx -DUSE_HAL_DRIVER -c -I../Core/Inc -I../../Drivers/STM32WLxx_HAL_Driver/Inc -I../../Drivers/STM32WLxx_HAL_Driver/Inc/Legacy -I../../Drivers/CMSIS/Device/ST/STM32WLxx/Include -I../../Drivers/CMSIS/Include -O0 -ffunction-sections -fdata-sections -Wall -fstack-usage -MMD -MP -MF"Drivers/STM32WLxx_HAL_Driver/stm32wlxx_hal_rcc_ex.d" -MT"Drivers/STM32WLxx_HAL_Driver/stm32wlxx_hal_rcc_ex.o" --specs=nano.specs -mfloat-abi=soft -mthumb -o "Drivers/STM32WLxx_HAL_Driver/stm32wlxx_hal_rcc_ex.o"
arm-none-eabi-gcc "/Users/airlanggafidiyanto/Documents/Kuliah/Skripsi/bus-tracker/BusTracker/Drivers/STM32WLxx_HAL_Driver/Src/stm32wlxx_hal_tim.c" -mcpu=cortex-m0plus -std=gnu11 -g3 -DDEBUG -DCORE_CM0PLUS -DSTM32WL55xx -DUSE_HAL_DRIVER -c -I../Core/Inc -I../../Drivers/STM32WLxx_HAL_Driver/Inc -I../../Drivers/STM32WLxx_HAL_Driver/Inc/Legacy -I../../Drivers/CMSIS/Device/ST/STM32WLxx/Include -I../../Drivers/CMSIS/Include -O0 -ffunction-sections -fdata-sections -Wall -fstack-usage -MMD -MP -MF"Drivers/STM32WLxx_HAL_Driver/stm32wlxx_hal_tim.d" -MT"Drivers/STM32WLxx_HAL_Driver/stm32wlxx_hal_tim.o" --specs=nano.specs -mfloat-abi=soft -mthumb -o "Drivers/STM32WLxx_HAL_Driver/stm32wlxx_hal_tim.o"
arm-none-eabi-gcc "/Users/airlanggafidiyanto/Documents/Kuliah/Skripsi/bus-tracker/BusTracker/Drivers/STM32WLxx_HAL_Driver/Src/stm32wlxx_hal_tim_ex.c" -mcpu=cortex-m0plus -std=gnu11 -g3 -DDEBUG -DCORE_CM0PLUS -DSTM32WL55xx -DUSE_HAL_DRIVER -c -I../Core/Inc -I../../Drivers/STM32WLxx_HAL_Driver/Inc -I../../Drivers/STM32WLxx_HAL_Driver/Inc/Legacy -I../../Drivers/CMSIS/Device/ST/STM32WLxx/Include -I../../Drivers/CMSIS/Include -O0 -ffunction-sections -fdata-sections -Wall -fstack-usage -MMD -MP -MF"Drivers/STM32WLxx_HAL_Driver/stm32wlxx_hal_tim_ex.d" -MT"Drivers/STM32WLxx_HAL_Driver/stm32wlxx_hal_tim_ex.o" --specs=nano.specs -mfloat-abi=soft -mthumb -o "Drivers/STM32WLxx_HAL_Driver/stm32wlxx_hal_tim_ex.o"
arm-none-eabi-gcc "/Users/airlanggafidiyanto/Documents/Kuliah/Skripsi/bus-tracker/BusTracker/Drivers/STM32WLxx_HAL_Driver/Src/stm32wlxx_hal_uart.c" -mcpu=cortex-m0plus -std=gnu11 -g3 -DDEBUG -DCORE_CM0PLUS -DSTM32WL55xx -DUSE_HAL_DRIVER -c -I../Core/Inc -I../../Drivers/STM32WLxx_HAL_Driver/Inc -I../../Drivers/STM32WLxx_HAL_Driver/Inc/Legacy -I../../Drivers/CMSIS/Device/ST/STM32WLxx/Include -I../../Drivers/CMSIS/Include -O0 -ffunction-sections -fdata-sections -Wall -fstack-usage -MMD -MP -MF"Drivers/STM32WLxx_HAL_Driver/stm32wlxx_hal_uart.d" -MT"Drivers/STM32WLxx_HAL_Driver/stm32wlxx_hal_uart.o" --specs=nano.specs -mfloat-abi=soft -mthumb -o "Drivers/STM32WLxx_HAL_Driver/stm32wlxx_hal_uart.o"
arm-none-eabi-gcc "/Users/airlanggafidiyanto/Documents/Kuliah/Skripsi/bus-tracker/BusTracker/Drivers/STM32WLxx_HAL_Driver/Src/stm32wlxx_hal_uart_ex.c" -mcpu=cortex-m0plus -std=gnu11 -g3 -DDEBUG -DCORE_CM0PLUS -DSTM32WL55xx -DUSE_HAL_DRIVER -c -I../Core/Inc -I../../Drivers/STM32WLxx_HAL_Driver/Inc -I../../Drivers/STM32WLxx_HAL_Driver/Inc/Legacy -I../../Drivers/CMSIS/Device/ST/STM32WLxx/Include -I../../Drivers/CMSIS/Include -O0 -ffunction-sections -fdata-sections -Wall -fstack-usage -MMD -MP -MF"Drivers/STM32WLxx_HAL_Driver/stm32wlxx_hal_uart_ex.d" -MT"Drivers/STM32WLxx_HAL_Driver/stm32wlxx_hal_uart_ex.o" --specs=nano.specs -mfloat-abi=soft -mthumb -o "Drivers/STM32WLxx_HAL_Driver/stm32wlxx_hal_uart_ex.o"
arm-none-eabi-gcc -mcpu=cortex-m0plus -g3 -DDEBUG -c -x assembler-with-cpp -MMD -MP -MF"Core/Startup/startup_stm32wl55jcix.d" -MT"Core/Startup/startup_stm32wl55jcix.o" --specs=nano.specs -mfloat-abi=soft -mthumb -o "Core/Startup/startup_stm32wl55jcix.o" "../Core/Startup/startup_stm32wl55jcix.s"
arm-none-eabi-gcc "../Core/Src/main.c" -mcpu=cortex-m0plus -std=gnu11 -g3 -DDEBUG -DCORE_CM0PLUS -DSTM32WL55xx -DUSE_HAL_DRIVER -c -I../Core/Inc -I../../Drivers/STM32WLxx_HAL_Driver/Inc -I../../Drivers/STM32WLxx_HAL_Driver/Inc/Legacy -I../../Drivers/CMSIS/Device/ST/STM32WLxx/Include -I../../Drivers/CMSIS/Include -O0 -ffunction-sections -fdata-sections -Wall -fstack-usage -MMD -MP -MF"Core/Src/main.d" -MT"Core/Src/main.o" --specs=nano.specs -mfloat-abi=soft -mthumb -o "Core/Src/main.o"
arm-none-eabi-gcc "../Core/Src/stm32wlxx_hal_msp.c" -mcpu=cortex-m0plus -std=gnu11 -g3 -DDEBUG -DCORE_CM0PLUS -DSTM32WL55xx -DUSE_HAL_DRIVER -c -I../Core/Inc -I../../Drivers/STM32WLxx_HAL_Driver/Inc -I../../Drivers/STM32WLxx_HAL_Driver/Inc/Legacy -I../../Drivers/CMSIS/Device/ST/STM32WLxx/Include -I../../Drivers/CMSIS/Include -O0 -ffunction-sections -fdata-sections -Wall -fstack-usage -MMD -MP -MF"Core/Src/stm32wlxx_hal_msp.d" -MT"Core/Src/stm32wlxx_hal_msp.o" --specs=nano.specs -mfloat-abi=soft -mthumb -o "Core/Src/stm32wlxx_hal_msp.o"
arm-none-eabi-gcc "../Core/Src/stm32wlxx_it.c" -mcpu=cortex-m0plus -std=gnu11 -g3 -DDEBUG -DCORE_CM0PLUS -DSTM32WL55xx -DUSE_HAL_DRIVER -c -I../Core/Inc -I../../Drivers/STM32WLxx_HAL_Driver/Inc -I../../Drivers/STM32WLxx_HAL_Driver/Inc/Legacy -I../../Drivers/CMSIS/Device/ST/STM32WLxx/Include -I../../Drivers/CMSIS/Include -O0 -ffunction-sections -fdata-sections -Wall -fstack-usage -MMD -MP -MF"Core/Src/stm32wlxx_it.d" -MT"Core/Src/stm32wlxx_it.o" --specs=nano.specs -mfloat-abi=soft -mthumb -o "Core/Src/stm32wlxx_it.o"
arm-none-eabi-gcc "../Core/Src/syscalls.c" -mcpu=cortex-m0plus -std=gnu11 -g3 -DDEBUG -DCORE_CM0PLUS -DSTM32WL55xx -DUSE_HAL_DRIVER -c -I../Core/Inc -I../../Drivers/STM32WLxx_HAL_Driver/Inc -I../../Drivers/STM32WLxx_HAL_Driver/Inc/Legacy -I../../Drivers/CMSIS/Device/ST/STM32WLxx/Include -I../../Drivers/CMSIS/Include -O0 -ffunction-sections -fdata-sections -Wall -fstack-usage -MMD -MP -MF"Core/Src/syscalls.d" -MT"Core/Src/syscalls.o" --specs=nano.specs -mfloat-abi=soft -mthumb -o "Core/Src/syscalls.o"
arm-none-eabi-gcc "../Core/Src/sysmem.c" -mcpu=cortex-m0plus -std=gnu11 -g3 -DDEBUG -DCORE_CM0PLUS -DSTM32WL55xx -DUSE_HAL_DRIVER -c -I../Core/Inc -I../../Drivers/STM32WLxx_HAL_Driver/Inc -I../../Drivers/STM32WLxx_HAL_Driver/Inc/Legacy -I../../Drivers/CMSIS/Device/ST/STM32WLxx/Include -I../../Drivers/CMSIS/Include -O0 -ffunction-sections -fdata-sections -Wall -fstack-usage -MMD -MP -MF"Core/Src/sysmem.d" -MT"Core/Src/sysmem.o" --specs=nano.specs -mfloat-abi=soft -mthumb -o "Core/Src/sysmem.o"
../Core/Src/main.c:103:13: warning: 'MX_USART2_UART_Init' defined but not used [-Wunused-function]
arm-none-eabi-gcc "/Users/airlanggafidiyanto/Documents/Kuliah/Skripsi/bus-tracker/BusTracker/Common/System/system_stm32wlxx.c" -mcpu=cortex-m0plus -std=gnu11 -g3 -DDEBUG -DCORE_CM0PLUS -DSTM32WL55xx -DUSE_HAL_DRIVER -c -I../Core/Inc -I../../Drivers/STM32WLxx_HAL_Driver/Inc -I../../Drivers/STM32WLxx_HAL_Driver/Inc/Legacy -I../../Drivers/CMSIS/Device/ST/STM32WLxx/Include -I../../Drivers/CMSIS/Include -O0 -ffunction-sections -fdata-sections -Wall -fstack-usage -MMD -MP -MF"Common/System/system_stm32wlxx.d" -MT"Common/System/system_stm32wlxx.o" --specs=nano.specs -mfloat-abi=soft -mthumb -o "Common/System/system_stm32wlxx.o"
  103 | static void MX_USART2_UART_Init(void)
      |             ^~~~~~~~~~~~~~~~~~~
arm-none-eabi-gcc -o "BusTracker_CM0PLUS.elf" @"objects.list"   -mcpu=cortex-m0plus -T"/Users/airlanggafidiyanto/Documents/Kuliah/Skripsi/bus-tracker/BusTracker/CM0PLUS/STM32WL55JCIX_FLASH.ld" --specs=nosys.specs -Wl,-Map="BusTracker_CM0PLUS.map" -Wl,--gc-sections -static --specs=nano.specs -mfloat-abi=soft -mthumb -Wl,--start-group -lc -lm -Wl,--end-group
Finished building target: BusTracker_CM0PLUS.elf
 
arm-none-eabi-size   BusTracker_CM0PLUS.elf 
arm-none-eabi-objdump -h -S  BusTracker_CM0PLUS.elf  > "BusTracker_CM0PLUS.list"
   text	   data	    bss	    dec	    hex	filename
   2152	     20	   1572	   3744	    ea0	BusTracker_CM0PLUS.elf
Finished building: default.size.stdout
 
Finished building: BusTracker_CM0PLUS.list
 

14:23:13 Build Finished. 0 errors, 1 warnings. (took 1s.623ms)

