14:59:59 **** Incremental Build of configuration Debug for project BusTracker_CM4 ****
make -j7 all 
arm-none-eabi-gcc "../Core/Src/main.c" -mcpu=cortex-m4 -std=gnu11 -g3 -DDEBUG -DCORE_CM4 -DUSE_HAL_DRIVER -DSTM32WL55xx -c -I../Core/Inc -I../../Drivers/STM32WLxx_HAL_Driver/Inc -I../../Drivers/STM32WLxx_HAL_Driver/Inc/Legacy -I../../Drivers/CMSIS/Device/ST/STM32WLxx/Include -I../../Drivers/CMSIS/Include -O0 -ffunction-sections -fdata-sections -Wall -fstack-usage -MMD -MP -MF"Core/Src/main.d" -MT"Core/Src/main.o" --specs=nano.specs -mfloat-abi=soft -mthumb -o "Core/Src/main.o"
../Core/Src/main.c: In function 'main':
../Core/Src/main.c:134:16: warning: pointer targets in passing argument 1 of 'strstr' differ in signedness [-Wpointer-sign]
  134 |     if (strstr(buff, desiredNMEA) != NULL) {
      |                ^~~~
      |                |
      |                uint8_t * {aka unsigned char *}
In file included from ../Core/Src/main.c:25:
/Applications/STM32CubeIDE.app/Contents/Eclipse/plugins/com.st.stm32cube.ide.mcu.externaltools.gnu-tools-for-stm32.10.3-2021.10.macos64_1.0.0.202111181127/tools/arm-none-eabi/include/string.h:48:16: note: expected 'const char *' but argument is of type 'uint8_t *' {aka 'unsigned char *'}
   48 | char  *strstr (const char *, const char *);
      |                ^~~~~~~~~~~~
../Core/Src/main.c:132:30: warning: '%s' directive writing up to 74 bytes into a region of size between 25 and 99 [-Wformat-overflow=]
  132 |     sprintf((char*)buff, "%s %s\n", (char*)data1, (char*)data2);
      |                              ^~                          ~~~~~
../Core/Src/main.c:132:5: note: 'sprintf' output between 3 and 151 bytes into a destination of size 100
  132 |     sprintf((char*)buff, "%s %s\n", (char*)data1, (char*)data2);
      |     ^~~~~~~~~~~~~~~~~~~~~~~~~~~~~~~~~~~~~~~~~~~~~~~~~~~~~~~~~~~
At top level:
../Core/Src/main.c:49:22: warning: 'REG_DATA' defined but not used [-Wunused-const-variable=]
   49 | static const uint8_t REG_DATA = 0x00;
      |                      ^~~~~~~~
arm-none-eabi-gcc -o "BusTracker_CM4.elf" @"objects.list"   -mcpu=cortex-m4 -T"/Users/airlanggafidiyanto/Documents/Kuliah/Skripsi/bus-tracker/BusTracker/CM4/STM32WL55JCIX_FLASH.ld" --specs=nosys.specs -Wl,-Map="BusTracker_CM4.map" -Wl,--gc-sections -static --specs=nano.specs -mfloat-abi=soft -mthumb -Wl,--start-group -lc -lm -Wl,--end-group
Finished building target: BusTracker_CM4.elf
 
arm-none-eabi-size   BusTracker_CM4.elf 
arm-none-eabi-objdump -h -S  BusTracker_CM4.elf  > "BusTracker_CM4.list"
   text	   data	    bss	    dec	    hex	filename
  18820	    120	   1808	  20748	   510c	BusTracker_CM4.elf
Finished building: default.size.stdout
 
Finished building: BusTracker_CM4.list
 

15:00:00 Build Finished. 0 errors, 3 warnings. (took 985ms)

