14:43:50 **** Build of configuration Debug for project BusTracker_CM4 ****
make -j7 all 
arm-none-eabi-gcc "/Users/airlanggafidiyanto/Documents/Kuliah/Skripsi/bus-tracker/BusTracker/Drivers/STM32WLxx_HAL_Driver/Src/stm32wlxx_hal.c" -mcpu=cortex-m4 -std=gnu11 -g3 -DDEBUG -DCORE_CM4 -DUSE_HAL_DRIVER -DSTM32WL55xx -c -I../Core/Inc -I../../Drivers/STM32WLxx_HAL_Driver/Inc -I../../Drivers/STM32WLxx_HAL_Driver/Inc/Legacy -I../../Drivers/CMSIS/Device/ST/STM32WLxx/Include -I../../Drivers/CMSIS/Include -O0 -ffunction-sections -fdata-sections -Wall -fstack-usage -MMD -MP -MF"Drivers/STM32WLxx_HAL_Driver/stm32wlxx_hal.d" -MT"Drivers/STM32WLxx_HAL_Driver/stm32wlxx_hal.o" --specs=nano.specs -mfloat-abi=soft -mthumb -o "Drivers/STM32WLxx_HAL_Driver/stm32wlxx_hal.o"
arm-none-eabi-gcc "/Users/airlanggafidiyanto/Documents/Kuliah/Skripsi/bus-tracker/BusTracker/Drivers/STM32WLxx_HAL_Driver/Src/stm32wlxx_hal_cortex.c" -mcpu=cortex-m4 -std=gnu11 -g3 -DDEBUG -DCORE_CM4 -DUSE_HAL_DRIVER -DSTM32WL55xx -c -I../Core/Inc -I../../Drivers/STM32WLxx_HAL_Driver/Inc -I../../Drivers/STM32WLxx_HAL_Driver/Inc/Legacy -I../../Drivers/CMSIS/Device/ST/STM32WLxx/Include -I../../Drivers/CMSIS/Include -O0 -ffunction-sections -fdata-sections -Wall -fstack-usage -MMD -MP -MF"Drivers/STM32WLxx_HAL_Driver/stm32wlxx_hal_cortex.d" -MT"Drivers/STM32WLxx_HAL_Driver/stm32wlxx_hal_cortex.o" --specs=nano.specs -mfloat-abi=soft -mthumb -o "Drivers/STM32WLxx_HAL_Driver/stm32wlxx_hal_cortex.o"
arm-none-eabi-gcc "/Users/airlanggafidiyanto/Documents/Kuliah/Skripsi/bus-tracker/BusTracker/Drivers/STM32WLxx_HAL_Driver/Src/stm32wlxx_hal_dma.c" -mcpu=cortex-m4 -std=gnu11 -g3 -DDEBUG -DCORE_CM4 -DUSE_HAL_DRIVER -DSTM32WL55xx -c -I../Core/Inc -I../../Drivers/STM32WLxx_HAL_Driver/Inc -I../../Drivers/STM32WLxx_HAL_Driver/Inc/Legacy -I../../Drivers/CMSIS/Device/ST/STM32WLxx/Include -I../../Drivers/CMSIS/Include -O0 -ffunction-sections -fdata-sections -Wall -fstack-usage -MMD -MP -MF"Drivers/STM32WLxx_HAL_Driver/stm32wlxx_hal_dma.d" -MT"Drivers/STM32WLxx_HAL_Driver/stm32wlxx_hal_dma.o" --specs=nano.specs -mfloat-abi=soft -mthumb -o "Drivers/STM32WLxx_HAL_Driver/stm32wlxx_hal_dma.o"
arm-none-eabi-gcc "/Users/airlanggafidiyanto/Documents/Kuliah/Skripsi/bus-tracker/BusTracker/Drivers/STM32WLxx_HAL_Driver/Src/stm32wlxx_hal_dma_ex.c" -mcpu=cortex-m4 -std=gnu11 -g3 -DDEBUG -DCORE_CM4 -DUSE_HAL_DRIVER -DSTM32WL55xx -c -I../Core/Inc -I../../Drivers/STM32WLxx_HAL_Driver/Inc -I../../Drivers/STM32WLxx_HAL_Driver/Inc/Legacy -I../../Drivers/CMSIS/Device/ST/STM32WLxx/Include -I../../Drivers/CMSIS/Include -O0 -ffunction-sections -fdata-sections -Wall -fstack-usage -MMD -MP -MF"Drivers/STM32WLxx_HAL_Driver/stm32wlxx_hal_dma_ex.d" -MT"Drivers/STM32WLxx_HAL_Driver/stm32wlxx_hal_dma_ex.o" --specs=nano.specs -mfloat-abi=soft -mthumb -o "Drivers/STM32WLxx_HAL_Driver/stm32wlxx_hal_dma_ex.o"
arm-none-eabi-gcc "/Users/airlanggafidiyanto/Documents/Kuliah/Skripsi/bus-tracker/BusTracker/Drivers/STM32WLxx_HAL_Driver/Src/stm32wlxx_hal_exti.c" -mcpu=cortex-m4 -std=gnu11 -g3 -DDEBUG -DCORE_CM4 -DUSE_HAL_DRIVER -DSTM32WL55xx -c -I../Core/Inc -I../../Drivers/STM32WLxx_HAL_Driver/Inc -I../../Drivers/STM32WLxx_HAL_Driver/Inc/Legacy -I../../Drivers/CMSIS/Device/ST/STM32WLxx/Include -I../../Drivers/CMSIS/Include -O0 -ffunction-sections -fdata-sections -Wall -fstack-usage -MMD -MP -MF"Drivers/STM32WLxx_HAL_Driver/stm32wlxx_hal_exti.d" -MT"Drivers/STM32WLxx_HAL_Driver/stm32wlxx_hal_exti.o" --specs=nano.specs -mfloat-abi=soft -mthumb -o "Drivers/STM32WLxx_HAL_Driver/stm32wlxx_hal_exti.o"
arm-none-eabi-gcc "/Users/airlanggafidiyanto/Documents/Kuliah/Skripsi/bus-tracker/BusTracker/Drivers/STM32WLxx_HAL_Driver/Src/stm32wlxx_hal_flash.c" -mcpu=cortex-m4 -std=gnu11 -g3 -DDEBUG -DCORE_CM4 -DUSE_HAL_DRIVER -DSTM32WL55xx -c -I../Core/Inc -I../../Drivers/STM32WLxx_HAL_Driver/Inc -I../../Drivers/STM32WLxx_HAL_Driver/Inc/Legacy -I../../Drivers/CMSIS/Device/ST/STM32WLxx/Include -I../../Drivers/CMSIS/Include -O0 -ffunction-sections -fdata-sections -Wall -fstack-usage -MMD -MP -MF"Drivers/STM32WLxx_HAL_Driver/stm32wlxx_hal_flash.d" -MT"Drivers/STM32WLxx_HAL_Driver/stm32wlxx_hal_flash.o" --specs=nano.specs -mfloat-abi=soft -mthumb -o "Drivers/STM32WLxx_HAL_Driver/stm32wlxx_hal_flash.o"
arm-none-eabi-gcc "/Users/airlanggafidiyanto/Documents/Kuliah/Skripsi/bus-tracker/BusTracker/Drivers/STM32WLxx_HAL_Driver/Src/stm32wlxx_hal_flash_ex.c" -mcpu=cortex-m4 -std=gnu11 -g3 -DDEBUG -DCORE_CM4 -DUSE_HAL_DRIVER -DSTM32WL55xx -c -I../Core/Inc -I../../Drivers/STM32WLxx_HAL_Driver/Inc -I../../Drivers/STM32WLxx_HAL_Driver/Inc/Legacy -I../../Drivers/CMSIS/Device/ST/STM32WLxx/Include -I../../Drivers/CMSIS/Include -O0 -ffunction-sections -fdata-sections -Wall -fstack-usage -MMD -MP -MF"Drivers/STM32WLxx_HAL_Driver/stm32wlxx_hal_flash_ex.d" -MT"Drivers/STM32WLxx_HAL_Driver/stm32wlxx_hal_flash_ex.o" --specs=nano.specs -mfloat-abi=soft -mthumb -o "Drivers/STM32WLxx_HAL_Driver/stm32wlxx_hal_flash_ex.o"
arm-none-eabi-gcc "/Users/airlanggafidiyanto/Documents/Kuliah/Skripsi/bus-tracker/BusTracker/Drivers/STM32WLxx_HAL_Driver/Src/stm32wlxx_hal_gpio.c" -mcpu=cortex-m4 -std=gnu11 -g3 -DDEBUG -DCORE_CM4 -DUSE_HAL_DRIVER -DSTM32WL55xx -c -I../Core/Inc -I../../Drivers/STM32WLxx_HAL_Driver/Inc -I../../Drivers/STM32WLxx_HAL_Driver/Inc/Legacy -I../../Drivers/CMSIS/Device/ST/STM32WLxx/Include -I../../Drivers/CMSIS/Include -O0 -ffunction-sections -fdata-sections -Wall -fstack-usage -MMD -MP -MF"Drivers/STM32WLxx_HAL_Driver/stm32wlxx_hal_gpio.d" -MT"Drivers/STM32WLxx_HAL_Driver/stm32wlxx_hal_gpio.o" --specs=nano.specs -mfloat-abi=soft -mthumb -o "Drivers/STM32WLxx_HAL_Driver/stm32wlxx_hal_gpio.o"
arm-none-eabi-gcc "/Users/airlanggafidiyanto/Documents/Kuliah/Skripsi/bus-tracker/BusTracker/Drivers/STM32WLxx_HAL_Driver/Src/stm32wlxx_hal_i2c.c" -mcpu=cortex-m4 -std=gnu11 -g3 -DDEBUG -DCORE_CM4 -DUSE_HAL_DRIVER -DSTM32WL55xx -c -I../Core/Inc -I../../Drivers/STM32WLxx_HAL_Driver/Inc -I../../Drivers/STM32WLxx_HAL_Driver/Inc/Legacy -I../../Drivers/CMSIS/Device/ST/STM32WLxx/Include -I../../Drivers/CMSIS/Include -O0 -ffunction-sections -fdata-sections -Wall -fstack-usage -MMD -MP -MF"Drivers/STM32WLxx_HAL_Driver/stm32wlxx_hal_i2c.d" -MT"Drivers/STM32WLxx_HAL_Driver/stm32wlxx_hal_i2c.o" --specs=nano.specs -mfloat-abi=soft -mthumb -o "Drivers/STM32WLxx_HAL_Driver/stm32wlxx_hal_i2c.o"
arm-none-eabi-gcc "/Users/airlanggafidiyanto/Documents/Kuliah/Skripsi/bus-tracker/BusTracker/Drivers/STM32WLxx_HAL_Driver/Src/stm32wlxx_hal_i2c_ex.c" -mcpu=cortex-m4 -std=gnu11 -g3 -DDEBUG -DCORE_CM4 -DUSE_HAL_DRIVER -DSTM32WL55xx -c -I../Core/Inc -I../../Drivers/STM32WLxx_HAL_Driver/Inc -I../../Drivers/STM32WLxx_HAL_Driver/Inc/Legacy -I../../Drivers/CMSIS/Device/ST/STM32WLxx/Include -I../../Drivers/CMSIS/Include -O0 -ffunction-sections -fdata-sections -Wall -fstack-usage -MMD -MP -MF"Drivers/STM32WLxx_HAL_Driver/stm32wlxx_hal_i2c_ex.d" -MT"Drivers/STM32WLxx_HAL_Driver/stm32wlxx_hal_i2c_ex.o" --specs=nano.specs -mfloat-abi=soft -mthumb -o "Drivers/STM32WLxx_HAL_Driver/stm32wlxx_hal_i2c_ex.o"
arm-none-eabi-gcc "/Users/airlanggafidiyanto/Documents/Kuliah/Skripsi/bus-tracker/BusTracker/Drivers/STM32WLxx_HAL_Driver/Src/stm32wlxx_hal_pwr.c" -mcpu=cortex-m4 -std=gnu11 -g3 -DDEBUG -DCORE_CM4 -DUSE_HAL_DRIVER -DSTM32WL55xx -c -I../Core/Inc -I../../Drivers/STM32WLxx_HAL_Driver/Inc -I../../Drivers/STM32WLxx_HAL_Driver/Inc/Legacy -I../../Drivers/CMSIS/Device/ST/STM32WLxx/Include -I../../Drivers/CMSIS/Include -O0 -ffunction-sections -fdata-sections -Wall -fstack-usage -MMD -MP -MF"Drivers/STM32WLxx_HAL_Driver/stm32wlxx_hal_pwr.d" -MT"Drivers/STM32WLxx_HAL_Driver/stm32wlxx_hal_pwr.o" --specs=nano.specs -mfloat-abi=soft -mthumb -o "Drivers/STM32WLxx_HAL_Driver/stm32wlxx_hal_pwr.o"
arm-none-eabi-gcc "/Users/airlanggafidiyanto/Documents/Kuliah/Skripsi/bus-tracker/BusTracker/Drivers/STM32WLxx_HAL_Driver/Src/stm32wlxx_hal_pwr_ex.c" -mcpu=cortex-m4 -std=gnu11 -g3 -DDEBUG -DCORE_CM4 -DUSE_HAL_DRIVER -DSTM32WL55xx -c -I../Core/Inc -I../../Drivers/STM32WLxx_HAL_Driver/Inc -I../../Drivers/STM32WLxx_HAL_Driver/Inc/Legacy -I../../Drivers/CMSIS/Device/ST/STM32WLxx/Include -I../../Drivers/CMSIS/Include -O0 -ffunction-sections -fdata-sections -Wall -fstack-usage -MMD -MP -MF"Drivers/STM32WLxx_HAL_Driver/stm32wlxx_hal_pwr_ex.d" -MT"Drivers/STM32WLxx_HAL_Driver/stm32wlxx_hal_pwr_ex.o" --specs=nano.specs -mfloat-abi=soft -mthumb -o "Drivers/STM32WLxx_HAL_Driver/stm32wlxx_hal_pwr_ex.o"
arm-none-eabi-gcc "/Users/airlanggafidiyanto/Documents/Kuliah/Skripsi/bus-tracker/BusTracker/Drivers/STM32WLxx_HAL_Driver/Src/stm32wlxx_hal_rcc.c" -mcpu=cortex-m4 -std=gnu11 -g3 -DDEBUG -DCORE_CM4 -DUSE_HAL_DRIVER -DSTM32WL55xx -c -I../Core/Inc -I../../Drivers/STM32WLxx_HAL_Driver/Inc -I../../Drivers/STM32WLxx_HAL_Driver/Inc/Legacy -I../../Drivers/CMSIS/Device/ST/STM32WLxx/Include -I../../Drivers/CMSIS/Include -O0 -ffunction-sections -fdata-sections -Wall -fstack-usage -MMD -MP -MF"Drivers/STM32WLxx_HAL_Driver/stm32wlxx_hal_rcc.d" -MT"Drivers/STM32WLxx_HAL_Driver/stm32wlxx_hal_rcc.o" --specs=nano.specs -mfloat-abi=soft -mthumb -o "Drivers/STM32WLxx_HAL_Driver/stm32wlxx_hal_rcc.o"
arm-none-eabi-gcc "/Users/airlanggafidiyanto/Documents/Kuliah/Skripsi/bus-tracker/BusTracker/Drivers/STM32WLxx_HAL_Driver/Src/stm32wlxx_hal_rcc_ex.c" -mcpu=cortex-m4 -std=gnu11 -g3 -DDEBUG -DCORE_CM4 -DUSE_HAL_DRIVER -DSTM32WL55xx -c -I../Core/Inc -I../../Drivers/STM32WLxx_HAL_Driver/Inc -I../../Drivers/STM32WLxx_HAL_Driver/Inc/Legacy -I../../Drivers/CMSIS/Device/ST/STM32WLxx/Include -I../../Drivers/CMSIS/Include -O0 -ffunction-sections -fdata-sections -Wall -fstack-usage -MMD -MP -MF"Drivers/STM32WLxx_HAL_Driver/stm32wlxx_hal_rcc_ex.d" -MT"Drivers/STM32WLxx_HAL_Driver/stm32wlxx_hal_rcc_ex.o" --specs=nano.specs -mfloat-abi=soft -mthumb -o "Drivers/STM32WLxx_HAL_Driver/stm32wlxx_hal_rcc_ex.o"
arm-none-eabi-gcc "/Users/airlanggafidiyanto/Documents/Kuliah/Skripsi/bus-tracker/BusTracker/Drivers/STM32WLxx_HAL_Driver/Src/stm32wlxx_hal_tim.c" -mcpu=cortex-m4 -std=gnu11 -g3 -DDEBUG -DCORE_CM4 -DUSE_HAL_DRIVER -DSTM32WL55xx -c -I../Core/Inc -I../../Drivers/STM32WLxx_HAL_Driver/Inc -I../../Drivers/STM32WLxx_HAL_Driver/Inc/Legacy -I../../Drivers/CMSIS/Device/ST/STM32WLxx/Include -I../../Drivers/CMSIS/Include -O0 -ffunction-sections -fdata-sections -Wall -fstack-usage -MMD -MP -MF"Drivers/STM32WLxx_HAL_Driver/stm32wlxx_hal_tim.d" -MT"Drivers/STM32WLxx_HAL_Driver/stm32wlxx_hal_tim.o" --specs=nano.specs -mfloat-abi=soft -mthumb -o "Drivers/STM32WLxx_HAL_Driver/stm32wlxx_hal_tim.o"
arm-none-eabi-gcc "/Users/airlanggafidiyanto/Documents/Kuliah/Skripsi/bus-tracker/BusTracker/Drivers/STM32WLxx_HAL_Driver/Src/stm32wlxx_hal_tim_ex.c" -mcpu=cortex-m4 -std=gnu11 -g3 -DDEBUG -DCORE_CM4 -DUSE_HAL_DRIVER -DSTM32WL55xx -c -I../Core/Inc -I../../Drivers/STM32WLxx_HAL_Driver/Inc -I../../Drivers/STM32WLxx_HAL_Driver/Inc/Legacy -I../../Drivers/CMSIS/Device/ST/STM32WLxx/Include -I../../Drivers/CMSIS/Include -O0 -ffunction-sections -fdata-sections -Wall -fstack-usage -MMD -MP -MF"Drivers/STM32WLxx_HAL_Driver/stm32wlxx_hal_tim_ex.d" -MT"Drivers/STM32WLxx_HAL_Driver/stm32wlxx_hal_tim_ex.o" --specs=nano.specs -mfloat-abi=soft -mthumb -o "Drivers/STM32WLxx_HAL_Driver/stm32wlxx_hal_tim_ex.o"
arm-none-eabi-gcc "/Users/airlanggafidiyanto/Documents/Kuliah/Skripsi/bus-tracker/BusTracker/Drivers/STM32WLxx_HAL_Driver/Src/stm32wlxx_hal_uart.c" -mcpu=cortex-m4 -std=gnu11 -g3 -DDEBUG -DCORE_CM4 -DUSE_HAL_DRIVER -DSTM32WL55xx -c -I../Core/Inc -I../../Drivers/STM32WLxx_HAL_Driver/Inc -I../../Drivers/STM32WLxx_HAL_Driver/Inc/Legacy -I../../Drivers/CMSIS/Device/ST/STM32WLxx/Include -I../../Drivers/CMSIS/Include -O0 -ffunction-sections -fdata-sections -Wall -fstack-usage -MMD -MP -MF"Drivers/STM32WLxx_HAL_Driver/stm32wlxx_hal_uart.d" -MT"Drivers/STM32WLxx_HAL_Driver/stm32wlxx_hal_uart.o" --specs=nano.specs -mfloat-abi=soft -mthumb -o "Drivers/STM32WLxx_HAL_Driver/stm32wlxx_hal_uart.o"
arm-none-eabi-gcc "/Users/airlanggafidiyanto/Documents/Kuliah/Skripsi/bus-tracker/BusTracker/Drivers/STM32WLxx_HAL_Driver/Src/stm32wlxx_hal_uart_ex.c" -mcpu=cortex-m4 -std=gnu11 -g3 -DDEBUG -DCORE_CM4 -DUSE_HAL_DRIVER -DSTM32WL55xx -c -I../Core/Inc -I../../Drivers/STM32WLxx_HAL_Driver/Inc -I../../Drivers/STM32WLxx_HAL_Driver/Inc/Legacy -I../../Drivers/CMSIS/Device/ST/STM32WLxx/Include -I../../Drivers/CMSIS/Include -O0 -ffunction-sections -fdata-sections -Wall -fstack-usage -MMD -MP -MF"Drivers/STM32WLxx_HAL_Driver/stm32wlxx_hal_uart_ex.d" -MT"Drivers/STM32WLxx_HAL_Driver/stm32wlxx_hal_uart_ex.o" --specs=nano.specs -mfloat-abi=soft -mthumb -o "Drivers/STM32WLxx_HAL_Driver/stm32wlxx_hal_uart_ex.o"
arm-none-eabi-gcc -mcpu=cortex-m4 -g3 -DDEBUG -c -x assembler-with-cpp -MMD -MP -MF"Core/Startup/startup_stm32wl55jcix.d" -MT"Core/Startup/startup_stm32wl55jcix.o" --specs=nano.specs -mfloat-abi=soft -mthumb -o "Core/Startup/startup_stm32wl55jcix.o" "../Core/Startup/startup_stm32wl55jcix.s"
arm-none-eabi-gcc "../Core/Src/main.c" -mcpu=cortex-m4 -std=gnu11 -g3 -DDEBUG -DCORE_CM4 -DUSE_HAL_DRIVER -DSTM32WL55xx -c -I../Core/Inc -I../../Drivers/STM32WLxx_HAL_Driver/Inc -I../../Drivers/STM32WLxx_HAL_Driver/Inc/Legacy -I../../Drivers/CMSIS/Device/ST/STM32WLxx/Include -I../../Drivers/CMSIS/Include -O0 -ffunction-sections -fdata-sections -Wall -fstack-usage -MMD -MP -MF"Core/Src/main.d" -MT"Core/Src/main.o" --specs=nano.specs -mfloat-abi=soft -mthumb -o "Core/Src/main.o"
arm-none-eabi-gcc "../Core/Src/stm32wlxx_hal_msp.c" -mcpu=cortex-m4 -std=gnu11 -g3 -DDEBUG -DCORE_CM4 -DUSE_HAL_DRIVER -DSTM32WL55xx -c -I../Core/Inc -I../../Drivers/STM32WLxx_HAL_Driver/Inc -I../../Drivers/STM32WLxx_HAL_Driver/Inc/Legacy -I../../Drivers/CMSIS/Device/ST/STM32WLxx/Include -I../../Drivers/CMSIS/Include -O0 -ffunction-sections -fdata-sections -Wall -fstack-usage -MMD -MP -MF"Core/Src/stm32wlxx_hal_msp.d" -MT"Core/Src/stm32wlxx_hal_msp.o" --specs=nano.specs -mfloat-abi=soft -mthumb -o "Core/Src/stm32wlxx_hal_msp.o"
arm-none-eabi-gcc "../Core/Src/stm32wlxx_it.c" -mcpu=cortex-m4 -std=gnu11 -g3 -DDEBUG -DCORE_CM4 -DUSE_HAL_DRIVER -DSTM32WL55xx -c -I../Core/Inc -I../../Drivers/STM32WLxx_HAL_Driver/Inc -I../../Drivers/STM32WLxx_HAL_Driver/Inc/Legacy -I../../Drivers/CMSIS/Device/ST/STM32WLxx/Include -I../../Drivers/CMSIS/Include -O0 -ffunction-sections -fdata-sections -Wall -fstack-usage -MMD -MP -MF"Core/Src/stm32wlxx_it.d" -MT"Core/Src/stm32wlxx_it.o" --specs=nano.specs -mfloat-abi=soft -mthumb -o "Core/Src/stm32wlxx_it.o"
arm-none-eabi-gcc "../Core/Src/syscalls.c" -mcpu=cortex-m4 -std=gnu11 -g3 -DDEBUG -DCORE_CM4 -DUSE_HAL_DRIVER -DSTM32WL55xx -c -I../Core/Inc -I../../Drivers/STM32WLxx_HAL_Driver/Inc -I../../Drivers/STM32WLxx_HAL_Driver/Inc/Legacy -I../../Drivers/CMSIS/Device/ST/STM32WLxx/Include -I../../Drivers/CMSIS/Include -O0 -ffunction-sections -fdata-sections -Wall -fstack-usage -MMD -MP -MF"Core/Src/syscalls.d" -MT"Core/Src/syscalls.o" --specs=nano.specs -mfloat-abi=soft -mthumb -o "Core/Src/syscalls.o"
arm-none-eabi-gcc "../Core/Src/sysmem.c" -mcpu=cortex-m4 -std=gnu11 -g3 -DDEBUG -DCORE_CM4 -DUSE_HAL_DRIVER -DSTM32WL55xx -c -I../Core/Inc -I../../Drivers/STM32WLxx_HAL_Driver/Inc -I../../Drivers/STM32WLxx_HAL_Driver/Inc/Legacy -I../../Drivers/CMSIS/Device/ST/STM32WLxx/Include -I../../Drivers/CMSIS/Include -O0 -ffunction-sections -fdata-sections -Wall -fstack-usage -MMD -MP -MF"Core/Src/sysmem.d" -MT"Core/Src/sysmem.o" --specs=nano.specs -mfloat-abi=soft -mthumb -o "Core/Src/sysmem.o"
arm-none-eabi-gcc "/Users/airlanggafidiyanto/Documents/Kuliah/Skripsi/bus-tracker/BusTracker/Common/System/system_stm32wlxx.c" -mcpu=cortex-m4 -std=gnu11 -g3 -DDEBUG -DCORE_CM4 -DUSE_HAL_DRIVER -DSTM32WL55xx -c -I../Core/Inc -I../../Drivers/STM32WLxx_HAL_Driver/Inc -I../../Drivers/STM32WLxx_HAL_Driver/Inc/Legacy -I../../Drivers/CMSIS/Device/ST/STM32WLxx/Include -I../../Drivers/CMSIS/Include -O0 -ffunction-sections -fdata-sections -Wall -fstack-usage -MMD -MP -MF"Common/System/system_stm32wlxx.d" -MT"Common/System/system_stm32wlxx.o" --specs=nano.specs -mfloat-abi=soft -mthumb -o "Common/System/system_stm32wlxx.o"
arm-none-eabi-gcc -o "BusTracker_CM4.elf" @"objects.list"   -mcpu=cortex-m4 -T"/Users/airlanggafidiyanto/Documents/Kuliah/Skripsi/bus-tracker/BusTracker/CM4/STM32WL55JCIX_FLASH.ld" --specs=nosys.specs -Wl,-Map="BusTracker_CM4.map" -Wl,--gc-sections -static --specs=nano.specs -mfloat-abi=soft -mthumb -Wl,--start-group -lc -lm -Wl,--end-group
Finished building target: BusTracker_CM4.elf
 
arm-none-eabi-size   BusTracker_CM4.elf 
arm-none-eabi-objdump -h -S  BusTracker_CM4.elf  > "BusTracker_CM4.list"
   text	   data	    bss	    dec	    hex	filename
  13688	     20	   1932	  15640	   3d18	BusTracker_CM4.elf
Finished building: default.size.stdout
 
Finished building: BusTracker_CM4.list
 
14:44:01 **** Incremental Build of configuration Debug for project BusTracker_CM4 ****
make -j7 all 
arm-none-eabi-gcc "../Core/Src/main.c" -mcpu=cortex-m4 -std=gnu11 -g3 -DDEBUG -DCORE_CM4 -DUSE_HAL_DRIVER -DSTM32WL55xx -c -I../Core/Inc -I../../Drivers/STM32WLxx_HAL_Driver/Inc -I../../Drivers/STM32WLxx_HAL_Driver/Inc/Legacy -I../../Drivers/CMSIS/Device/ST/STM32WLxx/Include -I../../Drivers/CMSIS/Include -O0 -ffunction-sections -fdata-sections -Wall -fstack-usage -MMD -MP -MF"Core/Src/main.d" -MT"Core/Src/main.o" --specs=nano.specs -mfloat-abi=soft -mthumb -o "Core/Src/main.o"
../Core/Src/main.c: In function 'main':
../Core/Src/main.c:109:43: warning: suggest parentheses around '+' inside '<<' [-Wparentheses]
  109 |    if (HAL_I2C_IsDeviceReady(&hi2c1, 0x3A <<1 + 0, 2, 10) == HAL_OK) {
      |                                           ^~
../Core/Src/main.c:110:43: warning: suggest parentheses around '+' inside '<<' [-Wparentheses]
  110 |      HAL_I2C_Master_Receive(&hi2c1,  0x3A <<1 + 0, (uint8_t *)receivedData, sizeof(receivedData), 1000);
      |                                           ^~
../Core/Src/main.c:115:26: warning: initializer-string for array of 'unsigned char' is too long
  115 |      uint8_t state[10] = "DEVICE IS NOT READY\n";
      |                          ^~~~~~~~~~~~~~~~~~~~~~~
arm-none-eabi-gcc -o "BusTracker_CM4.elf" @"objects.list"   -mcpu=cortex-m4 -T"/Users/airlanggafidiyanto/Documents/Kuliah/Skripsi/bus-tracker/BusTracker/CM4/STM32WL55JCIX_FLASH.ld" --specs=nosys.specs -Wl,-Map="BusTracker_CM4.map" -Wl,--gc-sections -static --specs=nano.specs -mfloat-abi=soft -mthumb -Wl,--start-group -lc -lm -Wl,--end-group
Finished building target: BusTracker_CM4.elf
 
arm-none-eabi-size   BusTracker_CM4.elf 
arm-none-eabi-objdump -h -S  BusTracker_CM4.elf  > "BusTracker_CM4.list"
   text	   data	    bss	    dec	    hex	filename
  16308	     20	   1932	  18260	   4754	BusTracker_CM4.elf
Finished building: default.size.stdout
 
Finished building: BusTracker_CM4.list
 
14:44:50 **** Incremental Build of configuration Debug for project BusTracker_CM4 ****
make -j7 all 
arm-none-eabi-gcc "../Core/Src/main.c" -mcpu=cortex-m4 -std=gnu11 -g3 -DDEBUG -DCORE_CM4 -DUSE_HAL_DRIVER -DSTM32WL55xx -c -I../Core/Inc -I../../Drivers/STM32WLxx_HAL_Driver/Inc -I../../Drivers/STM32WLxx_HAL_Driver/Inc/Legacy -I../../Drivers/CMSIS/Device/ST/STM32WLxx/Include -I../../Drivers/CMSIS/Include -O0 -ffunction-sections -fdata-sections -Wall -fstack-usage -MMD -MP -MF"Core/Src/main.d" -MT"Core/Src/main.o" --specs=nano.specs -mfloat-abi=soft -mthumb -o "Core/Src/main.o"
../Core/Src/main.c: In function 'main':
../Core/Src/main.c:109:43: warning: suggest parentheses around '+' inside '<<' [-Wparentheses]
  109 |    if (HAL_I2C_IsDeviceReady(&hi2c1, 0x3A <<1 + 0, 2, 10) == HAL_OK) {
      |                                           ^~
../Core/Src/main.c:110:43: warning: suggest parentheses around '+' inside '<<' [-Wparentheses]
  110 |      HAL_I2C_Master_Receive(&hi2c1,  0x3A <<1 + 0, (uint8_t *)receivedData, sizeof(receivedData), HAL_MAX_DELAY);
      |                                           ^~
../Core/Src/main.c:115:26: warning: initializer-string for array of 'unsigned char' is too long
  115 |      uint8_t state[10] = "DEVICE IS NOT READY\n";
      |                          ^~~~~~~~~~~~~~~~~~~~~~~
arm-none-eabi-gcc -o "BusTracker_CM4.elf" @"objects.list"   -mcpu=cortex-m4 -T"/Users/airlanggafidiyanto/Documents/Kuliah/Skripsi/bus-tracker/BusTracker/CM4/STM32WL55JCIX_FLASH.ld" --specs=nosys.specs -Wl,-Map="BusTracker_CM4.map" -Wl,--gc-sections -static --specs=nano.specs -mfloat-abi=soft -mthumb -Wl,--start-group -lc -lm -Wl,--end-group
Finished building target: BusTracker_CM4.elf
 
arm-none-eabi-size   BusTracker_CM4.elf 
arm-none-eabi-objdump -h -S  BusTracker_CM4.elf  > "BusTracker_CM4.list"
   text	   data	    bss	    dec	    hex	filename
  16308	     20	   1932	  18260	   4754	BusTracker_CM4.elf
Finished building: default.size.stdout
 
Finished building: BusTracker_CM4.list
 
14:45:32 **** Incremental Build of configuration Debug for project BusTracker_CM4 ****
make -j7 all 
arm-none-eabi-gcc "../Core/Src/main.c" -mcpu=cortex-m4 -std=gnu11 -g3 -DDEBUG -DCORE_CM4 -DUSE_HAL_DRIVER -DSTM32WL55xx -c -I../Core/Inc -I../../Drivers/STM32WLxx_HAL_Driver/Inc -I../../Drivers/STM32WLxx_HAL_Driver/Inc/Legacy -I../../Drivers/CMSIS/Device/ST/STM32WLxx/Include -I../../Drivers/CMSIS/Include -O0 -ffunction-sections -fdata-sections -Wall -fstack-usage -MMD -MP -MF"Core/Src/main.d" -MT"Core/Src/main.o" --specs=nano.specs -mfloat-abi=soft -mthumb -o "Core/Src/main.o"
../Core/Src/main.c: In function 'main':
../Core/Src/main.c:109:43: warning: suggest parentheses around '+' inside '<<' [-Wparentheses]
  109 |    if (HAL_I2C_IsDeviceReady(&hi2c1, 0x3A <<1 + 0, 2, 10) == HAL_OK) {
      |                                           ^~
../Core/Src/main.c:110:43: warning: suggest parentheses around '+' inside '<<' [-Wparentheses]
  110 |      HAL_I2C_Master_Receive(&hi2c1,  0x3A <<1 + 0, (uint8_t *)receivedData, sizeof(receivedData), HAL_MAX_DELAY);
      |                                           ^~
../Core/Src/main.c:115:26: warning: initializer-string for array of 'unsigned char' is too long
  115 |      uint8_t state[10] = "DEVICE IS NOT READY\n";
      |                          ^~~~~~~~~~~~~~~~~~~~~~~
arm-none-eabi-gcc -o "BusTracker_CM4.elf" @"objects.list"   -mcpu=cortex-m4 -T"/Users/airlanggafidiyanto/Documents/Kuliah/Skripsi/bus-tracker/BusTracker/CM4/STM32WL55JCIX_FLASH.ld" --specs=nosys.specs -Wl,-Map="BusTracker_CM4.map" -Wl,--gc-sections -static --specs=nano.specs -mfloat-abi=soft -mthumb -Wl,--start-group -lc -lm -Wl,--end-group
Finished building target: BusTracker_CM4.elf
 
arm-none-eabi-size   BusTracker_CM4.elf 
arm-none-eabi-objdump -h -S  BusTracker_CM4.elf  > "BusTracker_CM4.list"
   text	   data	    bss	    dec	    hex	filename
  16308	     20	   1932	  18260	   4754	BusTracker_CM4.elf
Finished building: default.size.stdout
 
Finished building: BusTracker_CM4.list
 
14:45:52 **** Incremental Build of configuration Debug for project BusTracker_CM4 ****
make -j7 all 
arm-none-eabi-gcc "../Core/Src/main.c" -mcpu=cortex-m4 -std=gnu11 -g3 -DDEBUG -DCORE_CM4 -DUSE_HAL_DRIVER -DSTM32WL55xx -c -I../Core/Inc -I../../Drivers/STM32WLxx_HAL_Driver/Inc -I../../Drivers/STM32WLxx_HAL_Driver/Inc/Legacy -I../../Drivers/CMSIS/Device/ST/STM32WLxx/Include -I../../Drivers/CMSIS/Include -O0 -ffunction-sections -fdata-sections -Wall -fstack-usage -MMD -MP -MF"Core/Src/main.d" -MT"Core/Src/main.o" --specs=nano.specs -mfloat-abi=soft -mthumb -o "Core/Src/main.o"
../Core/Src/main.c: In function 'main':
../Core/Src/main.c:109:43: warning: suggest parentheses around '+' inside '<<' [-Wparentheses]
  109 |    if (HAL_I2C_IsDeviceReady(&hi2c1, 0x3A <<1 + 0, 2, 10) == HAL_OK) {
      |                                           ^~
../Core/Src/main.c:110:43: warning: suggest parentheses around '+' inside '<<' [-Wparentheses]
  110 |      HAL_I2C_Master_Receive(&hi2c1,  0x3A <<1 + 0, (uint8_t *)receivedData, sizeof(receivedData), HAL_MAX_DELAY);
      |                                           ^~
../Core/Src/main.c:115:26: warning: initializer-string for array of 'unsigned char' is too long
  115 |      uint8_t state[10] = "DEVICE IS NOT READY\n";
      |                          ^~~~~~~~~~~~~~~~~~~~~~~
arm-none-eabi-gcc -o "BusTracker_CM4.elf" @"objects.list"   -mcpu=cortex-m4 -T"/Users/airlanggafidiyanto/Documents/Kuliah/Skripsi/bus-tracker/BusTracker/CM4/STM32WL55JCIX_FLASH.ld" --specs=nosys.specs -Wl,-Map="BusTracker_CM4.map" -Wl,--gc-sections -static --specs=nano.specs -mfloat-abi=soft -mthumb -Wl,--start-group -lc -lm -Wl,--end-group
Finished building target: BusTracker_CM4.elf
 
arm-none-eabi-size   BusTracker_CM4.elf 
arm-none-eabi-objdump -h -S  BusTracker_CM4.elf  > "BusTracker_CM4.list"
   text	   data	    bss	    dec	    hex	filename
  16308	     20	   1932	  18260	   4754	BusTracker_CM4.elf
Finished building: default.size.stdout
 
Finished building: BusTracker_CM4.list
 
14:46:47 **** Incremental Build of configuration Debug for project BusTracker_CM4 ****
make -j7 all 
arm-none-eabi-gcc "../Core/Src/main.c" -mcpu=cortex-m4 -std=gnu11 -g3 -DDEBUG -DCORE_CM4 -DUSE_HAL_DRIVER -DSTM32WL55xx -c -I../Core/Inc -I../../Drivers/STM32WLxx_HAL_Driver/Inc -I../../Drivers/STM32WLxx_HAL_Driver/Inc/Legacy -I../../Drivers/CMSIS/Device/ST/STM32WLxx/Include -I../../Drivers/CMSIS/Include -O0 -ffunction-sections -fdata-sections -Wall -fstack-usage -MMD -MP -MF"Core/Src/main.d" -MT"Core/Src/main.o" --specs=nano.specs -mfloat-abi=soft -mthumb -o "Core/Src/main.o"
../Core/Src/main.c: In function 'main':
../Core/Src/main.c:109:43: warning: suggest parentheses around '+' inside '<<' [-Wparentheses]
  109 |    if (HAL_I2C_IsDeviceReady(&hi2c1, 0x3A <<1 + 0, 2, 10) == HAL_OK) {
      |                                           ^~
../Core/Src/main.c:110:43: warning: suggest parentheses around '+' inside '<<' [-Wparentheses]
  110 |      HAL_I2C_Master_Receive(&hi2c1,  0x3A <<1 + 0, (uint8_t *)receivedData, sizeof(receivedData), 1000);
      |                                           ^~
../Core/Src/main.c:115:26: warning: initializer-string for array of 'unsigned char' is too long
  115 |      uint8_t state[10] = "DEVICE IS NOT READY\n";
      |                          ^~~~~~~~~~~~~~~~~~~~~~~
arm-none-eabi-gcc -o "BusTracker_CM4.elf" @"objects.list"   -mcpu=cortex-m4 -T"/Users/airlanggafidiyanto/Documents/Kuliah/Skripsi/bus-tracker/BusTracker/CM4/STM32WL55JCIX_FLASH.ld" --specs=nosys.specs -Wl,-Map="BusTracker_CM4.map" -Wl,--gc-sections -static --specs=nano.specs -mfloat-abi=soft -mthumb -Wl,--start-group -lc -lm -Wl,--end-group
Finished building target: BusTracker_CM4.elf
 
arm-none-eabi-size   BusTracker_CM4.elf 
arm-none-eabi-objdump -h -S  BusTracker_CM4.elf  > "BusTracker_CM4.list"
   text	   data	    bss	    dec	    hex	filename
  16308	     20	   1932	  18260	   4754	BusTracker_CM4.elf
Finished building: default.size.stdout
 
Finished building: BusTracker_CM4.list
 
14:48:35 **** Incremental Build of configuration Debug for project BusTracker_CM4 ****
make -j7 all 
arm-none-eabi-gcc "../Core/Src/main.c" -mcpu=cortex-m4 -std=gnu11 -g3 -DDEBUG -DCORE_CM4 -DUSE_HAL_DRIVER -DSTM32WL55xx -c -I../Core/Inc -I../../Drivers/STM32WLxx_HAL_Driver/Inc -I../../Drivers/STM32WLxx_HAL_Driver/Inc/Legacy -I../../Drivers/CMSIS/Device/ST/STM32WLxx/Include -I../../Drivers/CMSIS/Include -O0 -ffunction-sections -fdata-sections -Wall -fstack-usage -MMD -MP -MF"Core/Src/main.d" -MT"Core/Src/main.o" --specs=nano.specs -mfloat-abi=soft -mthumb -o "Core/Src/main.o"
../Core/Src/main.c: In function 'main':
../Core/Src/main.c:87:3: error: expected ',' or ';' before 'SystemClock_Config'
   87 |   SystemClock_Config();
      |   ^~~~~~~~~~~~~~~~~~
../Core/Src/main.c:110:43: warning: suggest parentheses around '+' inside '<<' [-Wparentheses]
  110 |    if (HAL_I2C_IsDeviceReady(&hi2c1, 0x3A <<1 + 0, 2, 10) == HAL_OK) {
      |                                           ^~
../Core/Src/main.c:111:43: warning: suggest parentheses around '+' inside '<<' [-Wparentheses]
  111 |      HAL_I2C_Master_Receive(&hi2c1,  0x3A <<1 + 0, (uint8_t *)receivedData, sizeof(receivedData), 1000);
      |                                           ^~
../Core/Src/main.c:118:26: warning: initializer-string for array of 'unsigned char' is too long
  118 |      uint8_t state[10] = "DEVICE IS NOT READY\n";
      |                          ^~~~~~~~~~~~~~~~~~~~~~~
make: *** [Core/Src/subdir.mk:31: Core/Src/main.o] Error 1
"make -j7 all" terminated with exit code 2. Build might be incomplete.
14:48:59 **** Incremental Build of configuration Debug for project BusTracker_CM4 ****
make -j7 all 
arm-none-eabi-gcc "../Core/Src/main.c" -mcpu=cortex-m4 -std=gnu11 -g3 -DDEBUG -DCORE_CM4 -DUSE_HAL_DRIVER -DSTM32WL55xx -c -I../Core/Inc -I../../Drivers/STM32WLxx_HAL_Driver/Inc -I../../Drivers/STM32WLxx_HAL_Driver/Inc/Legacy -I../../Drivers/CMSIS/Device/ST/STM32WLxx/Include -I../../Drivers/CMSIS/Include -O0 -ffunction-sections -fdata-sections -Wall -fstack-usage -MMD -MP -MF"Core/Src/main.d" -MT"Core/Src/main.o" --specs=nano.specs -mfloat-abi=soft -mthumb -o "Core/Src/main.o"
../Core/Src/main.c: In function 'main':
../Core/Src/main.c:110:43: warning: suggest parentheses around '+' inside '<<' [-Wparentheses]
  110 |    if (HAL_I2C_IsDeviceReady(&hi2c1, 0x3A <<1 + 0, 2, 10) == HAL_OK) {
      |                                           ^~
../Core/Src/main.c:111:43: warning: suggest parentheses around '+' inside '<<' [-Wparentheses]
  111 |      HAL_I2C_Master_Receive(&hi2c1,  0x3A <<1 + 0, (uint8_t *)receivedData, sizeof(receivedData), 1000);
      |                                           ^~
../Core/Src/main.c:118:26: warning: initializer-string for array of 'unsigned char' is too long
  118 |      uint8_t state[10] = "DEVICE IS NOT READY\n";
      |                          ^~~~~~~~~~~~~~~~~~~~~~~
arm-none-eabi-gcc -o "BusTracker_CM4.elf" @"objects.list"   -mcpu=cortex-m4 -T"/Users/airlanggafidiyanto/Documents/Kuliah/Skripsi/bus-tracker/BusTracker/CM4/STM32WL55JCIX_FLASH.ld" --specs=nosys.specs -Wl,-Map="BusTracker_CM4.map" -Wl,--gc-sections -static --specs=nano.specs -mfloat-abi=soft -mthumb -Wl,--start-group -lc -lm -Wl,--end-group
Finished building target: BusTracker_CM4.elf
 
arm-none-eabi-size   BusTracker_CM4.elf 
arm-none-eabi-objdump -h -S  BusTracker_CM4.elf  > "BusTracker_CM4.list"
   text	   data	    bss	    dec	    hex	filename
  16360	     20	   1932	  18312	   4788	BusTracker_CM4.elf
Finished building: default.size.stdout
 
Finished building: BusTracker_CM4.list
 
15:03:27 **** Incremental Build of configuration Debug for project BusTracker_CM4 ****
make -j7 all 
arm-none-eabi-gcc "../Core/Src/main.c" -mcpu=cortex-m4 -std=gnu11 -g3 -DDEBUG -DCORE_CM4 -DUSE_HAL_DRIVER -DSTM32WL55xx -c -I../Core/Inc -I../../Drivers/STM32WLxx_HAL_Driver/Inc -I../../Drivers/STM32WLxx_HAL_Driver/Inc/Legacy -I../../Drivers/CMSIS/Device/ST/STM32WLxx/Include -I../../Drivers/CMSIS/Include -O0 -ffunction-sections -fdata-sections -Wall -fstack-usage -MMD -MP -MF"Core/Src/main.d" -MT"Core/Src/main.o" --specs=nano.specs -mfloat-abi=soft -mthumb -o "Core/Src/main.o"
../Core/Src/main.c: In function 'main':
../Core/Src/main.c:110:43: warning: suggest parentheses around '+' inside '<<' [-Wparentheses]
  110 |    if (HAL_I2C_IsDeviceReady(&hi2c1, 0x3A <<1 + 0, 2, 10) == HAL_OK) {
      |                                           ^~
../Core/Src/main.c:111:43: warning: suggest parentheses around '+' inside '<<' [-Wparentheses]
  111 |      HAL_I2C_Master_Receive(&hi2c1,  0x3A <<1 + 0, (uint8_t *)receivedData, sizeof(receivedData), 1000);
      |                                           ^~
../Core/Src/main.c:118:26: warning: initializer-string for array of 'unsigned char' is too long
  118 |      uint8_t state[10] = "DEVICE IS NOT READY\n";
      |                          ^~~~~~~~~~~~~~~~~~~~~~~
arm-none-eabi-gcc -o "BusTracker_CM4.elf" @"objects.list"   -mcpu=cortex-m4 -T"/Users/airlanggafidiyanto/Documents/Kuliah/Skripsi/bus-tracker/BusTracker/CM4/STM32WL55JCIX_FLASH.ld" --specs=nosys.specs -Wl,-Map="BusTracker_CM4.map" -Wl,--gc-sections -static --specs=nano.specs -mfloat-abi=soft -mthumb -Wl,--start-group -lc -lm -Wl,--end-group
Finished building target: BusTracker_CM4.elf
 
arm-none-eabi-size   BusTracker_CM4.elf 
arm-none-eabi-objdump -h -S  BusTracker_CM4.elf  > "BusTracker_CM4.list"
   text	   data	    bss	    dec	    hex	filename
  16360	     20	   1932	  18312	   4788	BusTracker_CM4.elf
Finished building: default.size.stdout
 
Finished building: BusTracker_CM4.list
 
15:05:19 **** Incremental Build of configuration Debug for project BusTracker_CM4 ****
make -j7 all 
arm-none-eabi-gcc "../Core/Src/main.c" -mcpu=cortex-m4 -std=gnu11 -g3 -DDEBUG -DCORE_CM4 -DUSE_HAL_DRIVER -DSTM32WL55xx -c -I../Core/Inc -I../../Drivers/STM32WLxx_HAL_Driver/Inc -I../../Drivers/STM32WLxx_HAL_Driver/Inc/Legacy -I../../Drivers/CMSIS/Device/ST/STM32WLxx/Include -I../../Drivers/CMSIS/Include -O0 -ffunction-sections -fdata-sections -Wall -fstack-usage -MMD -MP -MF"Core/Src/main.d" -MT"Core/Src/main.o" --specs=nano.specs -mfloat-abi=soft -mthumb -o "Core/Src/main.o"
../Core/Src/main.c: In function 'main':
../Core/Src/main.c:110:43: warning: suggest parentheses around '+' inside '<<' [-Wparentheses]
  110 |    if (HAL_I2C_IsDeviceReady(&hi2c1, 0x3A <<1 + 0, 2, 10) == HAL_OK) {
      |                                           ^~
../Core/Src/main.c:111:43: warning: suggest parentheses around '+' inside '<<' [-Wparentheses]
  111 |      HAL_I2C_Master_Receive(&hi2c1,  0x3A <<1 + 0, (uint8_t *)receivedData, sizeof(receivedData), 1000);
      |                                           ^~
../Core/Src/main.c:118:26: warning: initializer-string for array of 'unsigned char' is too long
  118 |      uint8_t state[10] = "DEVICE IS NOT READY\n";
      |                          ^~~~~~~~~~~~~~~~~~~~~~~
../Core/Src/main.c:121:6: warning: implicit declaration of function 'HAL_DELAY' [-Wimplicit-function-declaration]
  121 |      HAL_DELAY(200);
      |      ^~~~~~~~~
arm-none-eabi-gcc -o "BusTracker_CM4.elf" @"objects.list"   -mcpu=cortex-m4 -T"/Users/airlanggafidiyanto/Documents/Kuliah/Skripsi/bus-tracker/BusTracker/CM4/STM32WL55JCIX_FLASH.ld" --specs=nosys.specs -Wl,-Map="BusTracker_CM4.map" -Wl,--gc-sections -static --specs=nano.specs -mfloat-abi=soft -mthumb -Wl,--start-group -lc -lm -Wl,--end-group
/Applications/STM32CubeIDE.app/Contents/Eclipse/plugins/com.st.stm32cube.ide.mcu.externaltools.gnu-tools-for-stm32.10.3-2021.10.macos64_1.0.0.202111181127/tools/bin/../lib/gcc/arm-none-eabi/10.3.1/../../../../arm-none-eabi/bin/ld: ./Core/Src/main.o: in function `main':
/Users/airlanggafidiyanto/Documents/Kuliah/Skripsi/bus-tracker/BusTracker/CM4/Debug/../Core/Src/main.c:121: undefined reference to `HAL_DELAY'
collect2: error: ld returned 1 exit status
make: *** [makefile:65: BusTracker_CM4.elf] Error 1
"make -j7 all" terminated with exit code 2. Build might be incomplete.
15:05:32 **** Incremental Build of configuration Debug for project BusTracker_CM4 ****
make -j7 all 
arm-none-eabi-gcc "../Core/Src/main.c" -mcpu=cortex-m4 -std=gnu11 -g3 -DDEBUG -DCORE_CM4 -DUSE_HAL_DRIVER -DSTM32WL55xx -c -I../Core/Inc -I../../Drivers/STM32WLxx_HAL_Driver/Inc -I../../Drivers/STM32WLxx_HAL_Driver/Inc/Legacy -I../../Drivers/CMSIS/Device/ST/STM32WLxx/Include -I../../Drivers/CMSIS/Include -O0 -ffunction-sections -fdata-sections -Wall -fstack-usage -MMD -MP -MF"Core/Src/main.d" -MT"Core/Src/main.o" --specs=nano.specs -mfloat-abi=soft -mthumb -o "Core/Src/main.o"
../Core/Src/main.c: In function 'main':
../Core/Src/main.c:110:43: warning: suggest parentheses around '+' inside '<<' [-Wparentheses]
  110 |    if (HAL_I2C_IsDeviceReady(&hi2c1, 0x3A <<1 + 0, 2, 10) == HAL_OK) {
      |                                           ^~
../Core/Src/main.c:111:43: warning: suggest parentheses around '+' inside '<<' [-Wparentheses]
  111 |      HAL_I2C_Master_Receive(&hi2c1,  0x3A <<1 + 0, (uint8_t *)receivedData, sizeof(receivedData), 1000);
      |                                           ^~
../Core/Src/main.c:118:26: warning: initializer-string for array of 'unsigned char' is too long
  118 |      uint8_t state[10] = "DEVICE IS NOT READY\n";
      |                          ^~~~~~~~~~~~~~~~~~~~~~~
arm-none-eabi-gcc -o "BusTracker_CM4.elf" @"objects.list"   -mcpu=cortex-m4 -T"/Users/airlanggafidiyanto/Documents/Kuliah/Skripsi/bus-tracker/BusTracker/CM4/STM32WL55JCIX_FLASH.ld" --specs=nosys.specs -Wl,-Map="BusTracker_CM4.map" -Wl,--gc-sections -static --specs=nano.specs -mfloat-abi=soft -mthumb -Wl,--start-group -lc -lm -Wl,--end-group
Finished building target: BusTracker_CM4.elf
 
arm-none-eabi-size   BusTracker_CM4.elf 
arm-none-eabi-objdump -h -S  BusTracker_CM4.elf  > "BusTracker_CM4.list"
   text	   data	    bss	    dec	    hex	filename
  16448	     20	   1932	  18400	   47e0	BusTracker_CM4.elf
Finished building: default.size.stdout
 
Finished building: BusTracker_CM4.list
 
15:05:55 **** Incremental Build of configuration Debug for project BusTracker_CM4 ****
make -j7 all 
arm-none-eabi-size   BusTracker_CM4.elf 
   text	   data	    bss	    dec	    hex	filename
  16448	     20	   1932	  18400	   47e0	BusTracker_CM4.elf
Finished building: default.size.stdout
 
15:07:23 **** Incremental Build of configuration Debug for project BusTracker_CM4 ****
make -j7 all 
arm-none-eabi-gcc "../Core/Src/main.c" -mcpu=cortex-m4 -std=gnu11 -g3 -DDEBUG -DCORE_CM4 -DUSE_HAL_DRIVER -DSTM32WL55xx -c -I../Core/Inc -I../../Drivers/STM32WLxx_HAL_Driver/Inc -I../../Drivers/STM32WLxx_HAL_Driver/Inc/Legacy -I../../Drivers/CMSIS/Device/ST/STM32WLxx/Include -I../../Drivers/CMSIS/Include -O0 -ffunction-sections -fdata-sections -Wall -fstack-usage -MMD -MP -MF"Core/Src/main.d" -MT"Core/Src/main.o" --specs=nano.specs -mfloat-abi=soft -mthumb -o "Core/Src/main.o"
../Core/Src/main.c: In function 'main':
../Core/Src/main.c:110:43: warning: suggest parentheses around '+' inside '<<' [-Wparentheses]
  110 |    if (HAL_I2C_IsDeviceReady(&hi2c1, 0x3A <<1 + 0, 2, 10) == HAL_OK) {
      |                                           ^~
../Core/Src/main.c:111:43: warning: suggest parentheses around '+' inside '<<' [-Wparentheses]
  111 |      HAL_I2C_Master_Receive(&hi2c1,  0x3A <<1 + 0, (uint8_t *)receivedData, sizeof(receivedData), 1000);
      |                                           ^~
../Core/Src/main.c:116:26: warning: initializer-string for array of 'unsigned char' is too long
  116 |      uint8_t state[10] = "DEVICE IS NOT READY\n";
      |                          ^~~~~~~~~~~~~~~~~~~~~~~
arm-none-eabi-gcc -o "BusTracker_CM4.elf" @"objects.list"   -mcpu=cortex-m4 -T"/Users/airlanggafidiyanto/Documents/Kuliah/Skripsi/bus-tracker/BusTracker/CM4/STM32WL55JCIX_FLASH.ld" --specs=nosys.specs -Wl,-Map="BusTracker_CM4.map" -Wl,--gc-sections -static --specs=nano.specs -mfloat-abi=soft -mthumb -Wl,--start-group -lc -lm -Wl,--end-group
Finished building target: BusTracker_CM4.elf
 
arm-none-eabi-size   BusTracker_CM4.elf 
arm-none-eabi-objdump -h -S  BusTracker_CM4.elf  > "BusTracker_CM4.list"
   text	   data	    bss	    dec	    hex	filename
  16404	     20	   1932	  18356	   47b4	BusTracker_CM4.elf
Finished building: default.size.stdout
 
Finished building: BusTracker_CM4.list
 
15:08:06 **** Incremental Build of configuration Debug for project BusTracker_CM4 ****
make -j7 all 
arm-none-eabi-gcc "../Core/Src/main.c" -mcpu=cortex-m4 -std=gnu11 -g3 -DDEBUG -DCORE_CM4 -DUSE_HAL_DRIVER -DSTM32WL55xx -c -I../Core/Inc -I../../Drivers/STM32WLxx_HAL_Driver/Inc -I../../Drivers/STM32WLxx_HAL_Driver/Inc/Legacy -I../../Drivers/CMSIS/Device/ST/STM32WLxx/Include -I../../Drivers/CMSIS/Include -O0 -ffunction-sections -fdata-sections -Wall -fstack-usage -MMD -MP -MF"Core/Src/main.d" -MT"Core/Src/main.o" --specs=nano.specs -mfloat-abi=soft -mthumb -o "Core/Src/main.o"
../Core/Src/main.c: In function 'main':
../Core/Src/main.c:110:43: warning: suggest parentheses around '+' inside '<<' [-Wparentheses]
  110 |    if (HAL_I2C_IsDeviceReady(&hi2c1, 0x3A <<1 + 0, 2, 10) == HAL_OK) {
      |                                           ^~
../Core/Src/main.c:111:43: warning: suggest parentheses around '+' inside '<<' [-Wparentheses]
  111 |      HAL_I2C_Master_Receive(&hi2c1,  0x3A <<1 + 0, (uint8_t *)receivedData, sizeof(receivedData), 1000);
      |                                           ^~
../Core/Src/main.c:118:26: warning: initializer-string for array of 'unsigned char' is too long
  118 |      uint8_t state[10] = "DEVICE IS NOT READY\n";
      |                          ^~~~~~~~~~~~~~~~~~~~~~~
arm-none-eabi-gcc -o "BusTracker_CM4.elf" @"objects.list"   -mcpu=cortex-m4 -T"/Users/airlanggafidiyanto/Documents/Kuliah/Skripsi/bus-tracker/BusTracker/CM4/STM32WL55JCIX_FLASH.ld" --specs=nosys.specs -Wl,-Map="BusTracker_CM4.map" -Wl,--gc-sections -static --specs=nano.specs -mfloat-abi=soft -mthumb -Wl,--start-group -lc -lm -Wl,--end-group
Finished building target: BusTracker_CM4.elf
 
arm-none-eabi-size   BusTracker_CM4.elf 
arm-none-eabi-objdump -h -S  BusTracker_CM4.elf  > "BusTracker_CM4.list"
   text	   data	    bss	    dec	    hex	filename
  16448	     20	   1932	  18400	   47e0	BusTracker_CM4.elf
Finished building: default.size.stdout
 
Finished building: BusTracker_CM4.list
 
15:08:29 **** Incremental Build of configuration Debug for project BusTracker_CM4 ****
make -j7 all 
arm-none-eabi-gcc "../Core/Src/main.c" -mcpu=cortex-m4 -std=gnu11 -g3 -DDEBUG -DCORE_CM4 -DUSE_HAL_DRIVER -DSTM32WL55xx -c -I../Core/Inc -I../../Drivers/STM32WLxx_HAL_Driver/Inc -I../../Drivers/STM32WLxx_HAL_Driver/Inc/Legacy -I../../Drivers/CMSIS/Device/ST/STM32WLxx/Include -I../../Drivers/CMSIS/Include -O0 -ffunction-sections -fdata-sections -Wall -fstack-usage -MMD -MP -MF"Core/Src/main.d" -MT"Core/Src/main.o" --specs=nano.specs -mfloat-abi=soft -mthumb -o "Core/Src/main.o"
../Core/Src/main.c: In function 'main':
../Core/Src/main.c:110:43: warning: suggest parentheses around '+' inside '<<' [-Wparentheses]
  110 |    if (HAL_I2C_IsDeviceReady(&hi2c1, 0x3A <<1 + 0, 2, 10) == HAL_OK) {
      |                                           ^~
../Core/Src/main.c:111:43: warning: suggest parentheses around '+' inside '<<' [-Wparentheses]
  111 |      HAL_I2C_Master_Receive(&hi2c1,  0x3A <<1 + 0, (uint8_t *)receivedData, sizeof(receivedData), 1000);
      |                                           ^~
../Core/Src/main.c:116:26: warning: initializer-string for array of 'unsigned char' is too long
  116 |      uint8_t state[10] = "DEVICE IS NOT READY\n";
      |                          ^~~~~~~~~~~~~~~~~~~~~~~
arm-none-eabi-gcc -o "BusTracker_CM4.elf" @"objects.list"   -mcpu=cortex-m4 -T"/Users/airlanggafidiyanto/Documents/Kuliah/Skripsi/bus-tracker/BusTracker/CM4/STM32WL55JCIX_FLASH.ld" --specs=nosys.specs -Wl,-Map="BusTracker_CM4.map" -Wl,--gc-sections -static --specs=nano.specs -mfloat-abi=soft -mthumb -Wl,--start-group -lc -lm -Wl,--end-group
Finished building target: BusTracker_CM4.elf
 
arm-none-eabi-size   BusTracker_CM4.elf 
arm-none-eabi-objdump -h -S  BusTracker_CM4.elf  > "BusTracker_CM4.list"
   text	   data	    bss	    dec	    hex	filename
  16404	     20	   1932	  18356	   47b4	BusTracker_CM4.elf
Finished building: default.size.stdout
 
Finished building: BusTracker_CM4.list
 
15:08:49 **** Incremental Build of configuration Debug for project BusTracker_CM4 ****
make -j7 all 
arm-none-eabi-gcc "../Core/Src/main.c" -mcpu=cortex-m4 -std=gnu11 -g3 -DDEBUG -DCORE_CM4 -DUSE_HAL_DRIVER -DSTM32WL55xx -c -I../Core/Inc -I../../Drivers/STM32WLxx_HAL_Driver/Inc -I../../Drivers/STM32WLxx_HAL_Driver/Inc/Legacy -I../../Drivers/CMSIS/Device/ST/STM32WLxx/Include -I../../Drivers/CMSIS/Include -O0 -ffunction-sections -fdata-sections -Wall -fstack-usage -MMD -MP -MF"Core/Src/main.d" -MT"Core/Src/main.o" --specs=nano.specs -mfloat-abi=soft -mthumb -o "Core/Src/main.o"
../Core/Src/main.c: In function 'main':
../Core/Src/main.c:110:43: warning: suggest parentheses around '+' inside '<<' [-Wparentheses]
  110 |    if (HAL_I2C_IsDeviceReady(&hi2c1, 0x3A <<1 + 0, 2, 10) == HAL_OK) {
      |                                           ^~
../Core/Src/main.c:111:43: warning: suggest parentheses around '+' inside '<<' [-Wparentheses]
  111 |      HAL_I2C_Master_Receive(&hi2c1,  0x3A <<1 + 0, (uint8_t *)receivedData, sizeof(receivedData), 1000);
      |                                           ^~
../Core/Src/main.c:118:26: warning: initializer-string for array of 'unsigned char' is too long
  118 |      uint8_t state[10] = "DEVICE IS NOT READY\n";
      |                          ^~~~~~~~~~~~~~~~~~~~~~~
arm-none-eabi-gcc -o "BusTracker_CM4.elf" @"objects.list"   -mcpu=cortex-m4 -T"/Users/airlanggafidiyanto/Documents/Kuliah/Skripsi/bus-tracker/BusTracker/CM4/STM32WL55JCIX_FLASH.ld" --specs=nosys.specs -Wl,-Map="BusTracker_CM4.map" -Wl,--gc-sections -static --specs=nano.specs -mfloat-abi=soft -mthumb -Wl,--start-group -lc -lm -Wl,--end-group
Finished building target: BusTracker_CM4.elf
 
arm-none-eabi-size   BusTracker_CM4.elf 
arm-none-eabi-objdump -h -S  BusTracker_CM4.elf  > "BusTracker_CM4.list"
   text	   data	    bss	    dec	    hex	filename
  16448	     20	   1932	  18400	   47e0	BusTracker_CM4.elf
Finished building: default.size.stdout
 
Finished building: BusTracker_CM4.list
 
15:09:07 **** Incremental Build of configuration Debug for project BusTracker_CM4 ****
make -j7 all 
arm-none-eabi-gcc "../Core/Src/main.c" -mcpu=cortex-m4 -std=gnu11 -g3 -DDEBUG -DCORE_CM4 -DUSE_HAL_DRIVER -DSTM32WL55xx -c -I../Core/Inc -I../../Drivers/STM32WLxx_HAL_Driver/Inc -I../../Drivers/STM32WLxx_HAL_Driver/Inc/Legacy -I../../Drivers/CMSIS/Device/ST/STM32WLxx/Include -I../../Drivers/CMSIS/Include -O0 -ffunction-sections -fdata-sections -Wall -fstack-usage -MMD -MP -MF"Core/Src/main.d" -MT"Core/Src/main.o" --specs=nano.specs -mfloat-abi=soft -mthumb -o "Core/Src/main.o"
../Core/Src/main.c: In function 'main':
../Core/Src/main.c:110:43: warning: suggest parentheses around '+' inside '<<' [-Wparentheses]
  110 |    if (HAL_I2C_IsDeviceReady(&hi2c1, 0x3A <<1 + 0, 2, 10) == HAL_OK) {
      |                                           ^~
../Core/Src/main.c:111:43: warning: suggest parentheses around '+' inside '<<' [-Wparentheses]
  111 |      HAL_I2C_Master_Receive(&hi2c1,  0x3A <<1 + 0, (uint8_t *)receivedData, sizeof(receivedData), 1000);
      |                                           ^~
../Core/Src/main.c:118:26: warning: initializer-string for array of 'unsigned char' is too long
  118 |      uint8_t state[10] = "DEVICE IS NOT READY\n";
      |                          ^~~~~~~~~~~~~~~~~~~~~~~
arm-none-eabi-gcc -o "BusTracker_CM4.elf" @"objects.list"   -mcpu=cortex-m4 -T"/Users/airlanggafidiyanto/Documents/Kuliah/Skripsi/bus-tracker/BusTracker/CM4/STM32WL55JCIX_FLASH.ld" --specs=nosys.specs -Wl,-Map="BusTracker_CM4.map" -Wl,--gc-sections -static --specs=nano.specs -mfloat-abi=soft -mthumb -Wl,--start-group -lc -lm -Wl,--end-group
Finished building target: BusTracker_CM4.elf
 
arm-none-eabi-size   BusTracker_CM4.elf 
arm-none-eabi-objdump -h -S  BusTracker_CM4.elf  > "BusTracker_CM4.list"
   text	   data	    bss	    dec	    hex	filename
  16448	     20	   1932	  18400	   47e0	BusTracker_CM4.elf
Finished building: default.size.stdout
 
Finished building: BusTracker_CM4.list
 
15:10:02 **** Incremental Build of configuration Debug for project BusTracker_CM4 ****
make -j7 all 
arm-none-eabi-gcc "../Core/Src/main.c" -mcpu=cortex-m4 -std=gnu11 -g3 -DDEBUG -DCORE_CM4 -DUSE_HAL_DRIVER -DSTM32WL55xx -c -I../Core/Inc -I../../Drivers/STM32WLxx_HAL_Driver/Inc -I../../Drivers/STM32WLxx_HAL_Driver/Inc/Legacy -I../../Drivers/CMSIS/Device/ST/STM32WLxx/Include -I../../Drivers/CMSIS/Include -O0 -ffunction-sections -fdata-sections -Wall -fstack-usage -MMD -MP -MF"Core/Src/main.d" -MT"Core/Src/main.o" --specs=nano.specs -mfloat-abi=soft -mthumb -o "Core/Src/main.o"
../Core/Src/main.c: In function 'main':
../Core/Src/main.c:110:43: warning: suggest parentheses around '+' inside '<<' [-Wparentheses]
  110 |    if (HAL_I2C_IsDeviceReady(&hi2c1, 0x3A <<1 + 0, 2, 10) == HAL_OK) {
      |                                           ^~
../Core/Src/main.c:111:43: warning: suggest parentheses around '+' inside '<<' [-Wparentheses]
  111 |      HAL_I2C_Master_Receive(&hi2c1,  0x3A <<1 + 0, (uint8_t *)receivedData, sizeof(receivedData), 1000);
      |                                           ^~
../Core/Src/main.c:118:26: warning: initializer-string for array of 'unsigned char' is too long
  118 |      uint8_t state[10] = "DEVICE IS NOT READY\n";
      |                          ^~~~~~~~~~~~~~~~~~~~~~~
arm-none-eabi-gcc -o "BusTracker_CM4.elf" @"objects.list"   -mcpu=cortex-m4 -T"/Users/airlanggafidiyanto/Documents/Kuliah/Skripsi/bus-tracker/BusTracker/CM4/STM32WL55JCIX_FLASH.ld" --specs=nosys.specs -Wl,-Map="BusTracker_CM4.map" -Wl,--gc-sections -static --specs=nano.specs -mfloat-abi=soft -mthumb -Wl,--start-group -lc -lm -Wl,--end-group
Finished building target: BusTracker_CM4.elf
 
arm-none-eabi-size   BusTracker_CM4.elf 
arm-none-eabi-objdump -h -S  BusTracker_CM4.elf  > "BusTracker_CM4.list"
   text	   data	    bss	    dec	    hex	filename
  16404	     20	   1932	  18356	   47b4	BusTracker_CM4.elf
Finished building: default.size.stdout
 
Finished building: BusTracker_CM4.list
 
10:45:56 **** Build of configuration Debug for project BusTracker_CM4 ****
make -j7 all 
arm-none-eabi-gcc "../Core/Src/main.c" -mcpu=cortex-m4 -std=gnu11 -g3 -DDEBUG -DCORE_CM4 -DUSE_HAL_DRIVER -DSTM32WL55xx -c -I../Core/Inc -I../../Drivers/STM32WLxx_HAL_Driver/Inc -I../../Drivers/STM32WLxx_HAL_Driver/Inc/Legacy -I../../Drivers/CMSIS/Device/ST/STM32WLxx/Include -I../../Drivers/CMSIS/Include -O0 -ffunction-sections -fdata-sections -Wall -fstack-usage -MMD -MP -MF"Core/Src/main.d" -MT"Core/Src/main.o" --specs=nano.specs -mfloat-abi=soft -mthumb -o "Core/Src/main.o"
../Core/Src/main.c:50:22: warning: 'REG_DATA' defined but not used [-Wunused-const-variable=]
   50 | static const uint8_t REG_DATA = 0x00;
      |                      ^~~~~~~~
arm-none-eabi-gcc -o "BusTracker_CM4.elf" @"objects.list"   -mcpu=cortex-m4 -T"/Users/airlanggafidiyanto/Documents/Kuliah/Skripsi/bus-tracker/BusTracker/CM4/STM32WL55JCIX_FLASH.ld" --specs=nosys.specs -Wl,-Map="BusTracker_CM4.map" -Wl,--gc-sections -static --specs=nano.specs -mfloat-abi=soft -mthumb -Wl,--start-group -lc -lm -Wl,--end-group
Finished building target: BusTracker_CM4.elf
 
arm-none-eabi-size   BusTracker_CM4.elf 
arm-none-eabi-objdump -h -S  BusTracker_CM4.elf  > "BusTracker_CM4.list"
   text	   data	    bss	    dec	    hex	filename
  19020	    120	   1952	  21092	   5264	BusTracker_CM4.elf
Finished building: default.size.stdout
 
Finished building: BusTracker_CM4.list
 
10:49:44 **** Incremental Build of configuration Debug for project BusTracker_CM4 ****
make -j7 all 
arm-none-eabi-gcc "../Core/Src/main.c" -mcpu=cortex-m4 -std=gnu11 -g3 -DDEBUG -DCORE_CM4 -DUSE_HAL_DRIVER -DSTM32WL55xx -c -I../Core/Inc -I../../Drivers/STM32WLxx_HAL_Driver/Inc -I../../Drivers/STM32WLxx_HAL_Driver/Inc/Legacy -I../../Drivers/CMSIS/Device/ST/STM32WLxx/Include -I../../Drivers/CMSIS/Include -O0 -ffunction-sections -fdata-sections -Wall -fstack-usage -MMD -MP -MF"Core/Src/main.d" -MT"Core/Src/main.o" --specs=nano.specs -mfloat-abi=soft -mthumb -o "Core/Src/main.o"
../Core/Src/main.c:50:22: warning: 'REG_DATA' defined but not used [-Wunused-const-variable=]
   50 | static const uint8_t REG_DATA = 0x00;
      |                      ^~~~~~~~
arm-none-eabi-gcc -o "BusTracker_CM4.elf" @"objects.list"   -mcpu=cortex-m4 -T"/Users/airlanggafidiyanto/Documents/Kuliah/Skripsi/bus-tracker/BusTracker/CM4/STM32WL55JCIX_FLASH.ld" --specs=nosys.specs -Wl,-Map="BusTracker_CM4.map" -Wl,--gc-sections -static --specs=nano.specs -mfloat-abi=soft -mthumb -Wl,--start-group -lc -lm -Wl,--end-group
Finished building target: BusTracker_CM4.elf
 
arm-none-eabi-size   BusTracker_CM4.elf 
arm-none-eabi-objdump -h -S  BusTracker_CM4.elf  > "BusTracker_CM4.list"
   text	   data	    bss	    dec	    hex	filename
  19080	    120	   1952	  21152	   52a0	BusTracker_CM4.elf
Finished building: default.size.stdout
 
Finished building: BusTracker_CM4.list
 
10:55:41 **** Incremental Build of configuration Debug for project BusTracker_CM4 ****
make -j7 all 
arm-none-eabi-gcc "../Core/Src/main.c" -mcpu=cortex-m4 -std=gnu11 -g3 -DDEBUG -DCORE_CM4 -DUSE_HAL_DRIVER -DSTM32WL55xx -c -I../Core/Inc -I../../Drivers/STM32WLxx_HAL_Driver/Inc -I../../Drivers/STM32WLxx_HAL_Driver/Inc/Legacy -I../../Drivers/CMSIS/Device/ST/STM32WLxx/Include -I../../Drivers/CMSIS/Include -O0 -ffunction-sections -fdata-sections -Wall -fstack-usage -MMD -MP -MF"Core/Src/main.d" -MT"Core/Src/main.o" --specs=nano.specs -mfloat-abi=soft -mthumb -o "Core/Src/main.o"
../Core/Src/main.c: In function 'main':
../Core/Src/main.c:126:23: warning: initializer-string for array of 'unsigned char' is too long
  126 |    uint8_t test[10] = "Received: \n";
      |                       ^~~~~~~~~~~~~~
At top level:
../Core/Src/main.c:50:22: warning: 'REG_DATA' defined but not used [-Wunused-const-variable=]
   50 | static const uint8_t REG_DATA = 0x00;
      |                      ^~~~~~~~
arm-none-eabi-gcc -o "BusTracker_CM4.elf" @"objects.list"   -mcpu=cortex-m4 -T"/Users/airlanggafidiyanto/Documents/Kuliah/Skripsi/bus-tracker/BusTracker/CM4/STM32WL55JCIX_FLASH.ld" --specs=nosys.specs -Wl,-Map="BusTracker_CM4.map" -Wl,--gc-sections -static --specs=nano.specs -mfloat-abi=soft -mthumb -Wl,--start-group -lc -lm -Wl,--end-group
Finished building target: BusTracker_CM4.elf
 
arm-none-eabi-size   BusTracker_CM4.elf 
arm-none-eabi-objdump -h -S  BusTracker_CM4.elf  > "BusTracker_CM4.list"
   text	   data	    bss	    dec	    hex	filename
  19096	    120	   1952	  21168	   52b0	BusTracker_CM4.elf
Finished building: default.size.stdout
 
Finished building: BusTracker_CM4.list
 
10:56:31 **** Incremental Build of configuration Debug for project BusTracker_CM4 ****
make -j7 all 
arm-none-eabi-gcc "../Core/Src/main.c" -mcpu=cortex-m4 -std=gnu11 -g3 -DDEBUG -DCORE_CM4 -DUSE_HAL_DRIVER -DSTM32WL55xx -c -I../Core/Inc -I../../Drivers/STM32WLxx_HAL_Driver/Inc -I../../Drivers/STM32WLxx_HAL_Driver/Inc/Legacy -I../../Drivers/CMSIS/Device/ST/STM32WLxx/Include -I../../Drivers/CMSIS/Include -O0 -ffunction-sections -fdata-sections -Wall -fstack-usage -MMD -MP -MF"Core/Src/main.d" -MT"Core/Src/main.o" --specs=nano.specs -mfloat-abi=soft -mthumb -o "Core/Src/main.o"
../Core/Src/main.c: In function 'main':
../Core/Src/main.c:126:23: warning: initializer-string for array of 'unsigned char' is too long
  126 |    uint8_t test[10] = "Received: \n";
      |                       ^~~~~~~~~~~~~~
../Core/Src/main.c:123:30: warning: ' 
   ' directive writing 3 bytes into a region of size between 1 and 100 [-Wformat-overflow=]
  123 |      sprintf((char*)buff, "%s \r\n", (char*)receivedData);
      |                              ^~~~~
../Core/Src/main.c:123:6: note: 'sprintf' output between 4 and 103 bytes into a destination of size 100
  123 |      sprintf((char*)buff, "%s \r\n", (char*)receivedData);
      |      ^~~~~~~~~~~~~~~~~~~~~~~~~~~~~~~~~~~~~~~~~~~~~~~~~~~~
At top level:
../Core/Src/main.c:50:22: warning: 'REG_DATA' defined but not used [-Wunused-const-variable=]
   50 | static const uint8_t REG_DATA = 0x00;
      |                      ^~~~~~~~
arm-none-eabi-gcc -o "BusTracker_CM4.elf" @"objects.list"   -mcpu=cortex-m4 -T"/Users/airlanggafidiyanto/Documents/Kuliah/Skripsi/bus-tracker/BusTracker/CM4/STM32WL55JCIX_FLASH.ld" --specs=nosys.specs -Wl,-Map="BusTracker_CM4.map" -Wl,--gc-sections -static --specs=nano.specs -mfloat-abi=soft -mthumb -Wl,--start-group -lc -lm -Wl,--end-group
Finished building target: BusTracker_CM4.elf
 
arm-none-eabi-size   BusTracker_CM4.elf 
arm-none-eabi-objdump -h -S  BusTracker_CM4.elf  > "BusTracker_CM4.list"
   text	   data	    bss	    dec	    hex	filename
  19100	    120	   1952	  21172	   52b4	BusTracker_CM4.elf
Finished building: default.size.stdout
 
Finished building: BusTracker_CM4.list
 
10:57:01 **** Incremental Build of configuration Debug for project BusTracker_CM4 ****
make -j7 all 
arm-none-eabi-gcc "../Core/Src/main.c" -mcpu=cortex-m4 -std=gnu11 -g3 -DDEBUG -DCORE_CM4 -DUSE_HAL_DRIVER -DSTM32WL55xx -c -I../Core/Inc -I../../Drivers/STM32WLxx_HAL_Driver/Inc -I../../Drivers/STM32WLxx_HAL_Driver/Inc/Legacy -I../../Drivers/CMSIS/Device/ST/STM32WLxx/Include -I../../Drivers/CMSIS/Include -O0 -ffunction-sections -fdata-sections -Wall -fstack-usage -MMD -MP -MF"Core/Src/main.d" -MT"Core/Src/main.o" --specs=nano.specs -mfloat-abi=soft -mthumb -o "Core/Src/main.o"
../Core/Src/main.c: In function 'main':
../Core/Src/main.c:123:30: warning: ' 
   ' directive writing 3 bytes into a region of size between 1 and 100 [-Wformat-overflow=]
  123 |      sprintf((char*)buff, "%s \r\n", (char*)receivedData);
      |                              ^~~~~
../Core/Src/main.c:123:6: note: 'sprintf' output between 4 and 103 bytes into a destination of size 100
  123 |      sprintf((char*)buff, "%s \r\n", (char*)receivedData);
      |      ^~~~~~~~~~~~~~~~~~~~~~~~~~~~~~~~~~~~~~~~~~~~~~~~~~~~
At top level:
../Core/Src/main.c:50:22: warning: 'REG_DATA' defined but not used [-Wunused-const-variable=]
   50 | static const uint8_t REG_DATA = 0x00;
      |                      ^~~~~~~~
arm-none-eabi-gcc -o "BusTracker_CM4.elf" @"objects.list"   -mcpu=cortex-m4 -T"/Users/airlanggafidiyanto/Documents/Kuliah/Skripsi/bus-tracker/BusTracker/CM4/STM32WL55JCIX_FLASH.ld" --specs=nosys.specs -Wl,-Map="BusTracker_CM4.map" -Wl,--gc-sections -static --specs=nano.specs -mfloat-abi=soft -mthumb -Wl,--start-group -lc -lm -Wl,--end-group
Finished building target: BusTracker_CM4.elf
 
arm-none-eabi-size   BusTracker_CM4.elf 
arm-none-eabi-objdump -h -S  BusTracker_CM4.elf  > "BusTracker_CM4.list"
   text	   data	    bss	    dec	    hex	filename
  19032	    120	   1952	  21104	   5270	BusTracker_CM4.elf
Finished building: default.size.stdout
 
Finished building: BusTracker_CM4.list
 
10:58:32 **** Incremental Build of configuration Debug for project BusTracker_CM4 ****
make -j7 all 
arm-none-eabi-gcc "../Core/Src/main.c" -mcpu=cortex-m4 -std=gnu11 -g3 -DDEBUG -DCORE_CM4 -DUSE_HAL_DRIVER -DSTM32WL55xx -c -I../Core/Inc -I../../Drivers/STM32WLxx_HAL_Driver/Inc -I../../Drivers/STM32WLxx_HAL_Driver/Inc/Legacy -I../../Drivers/CMSIS/Device/ST/STM32WLxx/Include -I../../Drivers/CMSIS/Include -O0 -ffunction-sections -fdata-sections -Wall -fstack-usage -MMD -MP -MF"Core/Src/main.d" -MT"Core/Src/main.o" --specs=nano.specs -mfloat-abi=soft -mthumb -o "Core/Src/main.o"
../Core/Src/main.c: In function 'main':
../Core/Src/main.c:130:15: warning: pointer targets in passing argument 1 of 'strstr' differ in signedness [-Wpointer-sign]
arm-none-eabi-gcc -o "BusTracker_CM4.elf" @"objects.list"   -mcpu=cortex-m4 -T"/Users/airlanggafidiyanto/Documents/Kuliah/Skripsi/bus-tracker/BusTracker/CM4/STM32WL55JCIX_FLASH.ld" --specs=nosys.specs -Wl,-Map="BusTracker_CM4.map" -Wl,--gc-sections -static --specs=nano.specs -mfloat-abi=soft -mthumb -Wl,--start-group -lc -lm -Wl,--end-group
  130 |    if (strstr(buff, desiredNMEA) != NULL) {
      |               ^~~~
      |               |
      |               uint8_t * {aka unsigned char *}
In file included from ../Core/Src/main.c:25:
/Applications/STM32CubeIDE.app/Contents/Eclipse/plugins/com.st.stm32cube.ide.mcu.externaltools.gnu-tools-for-stm32.10.3-2021.10.macos64_1.0.0.202111181127/tools/arm-none-eabi/include/string.h:48:16: note: expected 'const char *' but argument is of type 'uint8_t *' {aka 'unsigned char *'}
   48 | char  *strstr (const char *, const char *);
      |                ^~~~~~~~~~~~
../Core/Src/main.c:126:30: warning: ' 
   ' directive writing 3 bytes into a region of size between 1 and 100 [-Wformat-overflow=]
  126 |      sprintf((char*)buff, "%s \r\n", (char*)receivedData);
      |                              ^~~~~
../Core/Src/main.c:126:6: note: 'sprintf' output between 4 and 103 bytes into a destination of size 100
  126 |      sprintf((char*)buff, "%s \r\n", (char*)receivedData);
      |      ^~~~~~~~~~~~~~~~~~~~~~~~~~~~~~~~~~~~~~~~~~~~~~~~~~~~
At top level:
../Core/Src/main.c:50:22: warning: 'REG_DATA' defined but not used [-Wunused-const-variable=]
   50 | static const uint8_t REG_DATA = 0x00;
      |                      ^~~~~~~~
Finished building target: BusTracker_CM4.elf
 
arm-none-eabi-size   BusTracker_CM4.elf 
arm-none-eabi-objdump -h -S  BusTracker_CM4.elf  > "BusTracker_CM4.list"
   text	   data	    bss	    dec	    hex	filename
  19112	    120	   1952	  21184	   52c0	BusTracker_CM4.elf
Finished building: default.size.stdout
 
Finished building: BusTracker_CM4.list
 
10:59:50 **** Incremental Build of configuration Debug for project BusTracker_CM4 ****
make -j7 all 
arm-none-eabi-gcc "../Core/Src/main.c" -mcpu=cortex-m4 -std=gnu11 -g3 -DDEBUG -DCORE_CM4 -DUSE_HAL_DRIVER -DSTM32WL55xx -c -I../Core/Inc -I../../Drivers/STM32WLxx_HAL_Driver/Inc -I../../Drivers/STM32WLxx_HAL_Driver/Inc/Legacy -I../../Drivers/CMSIS/Device/ST/STM32WLxx/Include -I../../Drivers/CMSIS/Include -O0 -ffunction-sections -fdata-sections -Wall -fstack-usage -MMD -MP -MF"Core/Src/main.d" -MT"Core/Src/main.o" --specs=nano.specs -mfloat-abi=soft -mthumb -o "Core/Src/main.o"
arm-none-eabi-gcc -o "BusTracker_CM4.elf" @"objects.list"   -mcpu=cortex-m4 -T"/Users/airlanggafidiyanto/Documents/Kuliah/Skripsi/bus-tracker/BusTracker/CM4/STM32WL55JCIX_FLASH.ld" --specs=nosys.specs -Wl,-Map="BusTracker_CM4.map" -Wl,--gc-sections -static --specs=nano.specs -mfloat-abi=soft -mthumb -Wl,--start-group -lc -lm -Wl,--end-group
../Core/Src/main.c: In function 'main':
../Core/Src/main.c:130:15: warning: pointer targets in passing argument 1 of 'strstr' differ in signedness [-Wpointer-sign]
Finished building target: BusTracker_CM4.elf
  130 |    if (strstr(buff, desiredNMEA) != NULL) {
      |               ^~~~
      |               |
      |               uint8_t * {aka unsigned char *}
In file included from ../Core/Src/main.c:25:
/Applications/STM32CubeIDE.app/Contents/Eclipse/plugins/com.st.stm32cube.ide.mcu.externaltools.gnu-tools-for-stm32.10.3-2021.10.macos64_1.0.0.202111181127/tools/arm-none-eabi/include/string.h:48:16: note: expected 'const char *' but argument is of type 'uint8_t *' {aka 'unsigned char *'}
 
arm-none-eabi-size   BusTracker_CM4.elf 
arm-none-eabi-objdump -h -S  BusTracker_CM4.elf  > "BusTracker_CM4.list"
   48 | char  *strstr (const char *, const char *);
      |                ^~~~~~~~~~~~
At top level:
   text	   data	    bss	    dec	    hex	filename
  19112	    120	   1952	  21184	   52c0	BusTracker_CM4.elf
Finished building: default.size.stdout
../Core/Src/main.c:50:22: warning: 'REG_DATA' defined but not used [-Wunused-const-variable=]
   50 | static const uint8_t REG_DATA = 0x00;
      |                      ^~~~~~~~
 
Finished building: BusTracker_CM4.list
 
11:00:47 **** Incremental Build of configuration Debug for project BusTracker_CM4 ****
make -j7 all 
arm-none-eabi-gcc "../Core/Src/main.c" -mcpu=cortex-m4 -std=gnu11 -g3 -DDEBUG -DCORE_CM4 -DUSE_HAL_DRIVER -DSTM32WL55xx -c -I../Core/Inc -I../../Drivers/STM32WLxx_HAL_Driver/Inc -I../../Drivers/STM32WLxx_HAL_Driver/Inc/Legacy -I../../Drivers/CMSIS/Device/ST/STM32WLxx/Include -I../../Drivers/CMSIS/Include -O0 -ffunction-sections -fdata-sections -Wall -fstack-usage -MMD -MP -MF"Core/Src/main.d" -MT"Core/Src/main.o" --specs=nano.specs -mfloat-abi=soft -mthumb -o "Core/Src/main.o"
../Core/Src/main.c: In function 'main':
../Core/Src/main.c:87:15: warning: unused variable 'desiredNMEA' [-Wunused-variable]
   87 |   const char* desiredNMEA = "$GPGGA";
      |               ^~~~~~~~~~~
At top level:
../Core/Src/main.c:50:22: warning: 'REG_DATA' defined but not used [-Wunused-const-variable=]
   50 | static const uint8_t REG_DATA = 0x00;
      |                      ^~~~~~~~
arm-none-eabi-gcc -o "BusTracker_CM4.elf" @"objects.list"   -mcpu=cortex-m4 -T"/Users/airlanggafidiyanto/Documents/Kuliah/Skripsi/bus-tracker/BusTracker/CM4/STM32WL55JCIX_FLASH.ld" --specs=nosys.specs -Wl,-Map="BusTracker_CM4.map" -Wl,--gc-sections -static --specs=nano.specs -mfloat-abi=soft -mthumb -Wl,--start-group -lc -lm -Wl,--end-group
Finished building target: BusTracker_CM4.elf
 
arm-none-eabi-size   BusTracker_CM4.elf 
arm-none-eabi-objdump -h -S  BusTracker_CM4.elf  > "BusTracker_CM4.list"
   text	   data	    bss	    dec	    hex	filename
  19068	    120	   1952	  21140	   5294	BusTracker_CM4.elf
Finished building: default.size.stdout
 
Finished building: BusTracker_CM4.list
 
11:01:36 **** Incremental Build of configuration Debug for project BusTracker_CM4 ****
make -j7 all 
arm-none-eabi-gcc "../Core/Src/main.c" -mcpu=cortex-m4 -std=gnu11 -g3 -DDEBUG -DCORE_CM4 -DUSE_HAL_DRIVER -DSTM32WL55xx -c -I../Core/Inc -I../../Drivers/STM32WLxx_HAL_Driver/Inc -I../../Drivers/STM32WLxx_HAL_Driver/Inc/Legacy -I../../Drivers/CMSIS/Device/ST/STM32WLxx/Include -I../../Drivers/CMSIS/Include -O0 -ffunction-sections -fdata-sections -Wall -fstack-usage -MMD -MP -MF"Core/Src/main.d" -MT"Core/Src/main.o" --specs=nano.specs -mfloat-abi=soft -mthumb -o "Core/Src/main.o"
../Core/Src/main.c: In function 'main':
../Core/Src/main.c:87:15: warning: unused variable 'desiredNMEA' [-Wunused-variable]
   87 |   const char* desiredNMEA = "$GPGGA";
      |               ^~~~~~~~~~~
At top level:
../Core/Src/main.c:50:22: warning: 'REG_DATA' defined but not used [-Wunused-const-variable=]
   50 | static const uint8_t REG_DATA = 0x00;
      |                      ^~~~~~~~
arm-none-eabi-gcc -o "BusTracker_CM4.elf" @"objects.list"   -mcpu=cortex-m4 -T"/Users/airlanggafidiyanto/Documents/Kuliah/Skripsi/bus-tracker/BusTracker/CM4/STM32WL55JCIX_FLASH.ld" --specs=nosys.specs -Wl,-Map="BusTracker_CM4.map" -Wl,--gc-sections -static --specs=nano.specs -mfloat-abi=soft -mthumb -Wl,--start-group -lc -lm -Wl,--end-group
Finished building target: BusTracker_CM4.elf
 
arm-none-eabi-size   BusTracker_CM4.elf 
arm-none-eabi-objdump -h -S  BusTracker_CM4.elf  > "BusTracker_CM4.list"
   text	   data	    bss	    dec	    hex	filename
  19064	    120	   1952	  21136	   5290	BusTracker_CM4.elf
Finished building: default.size.stdout
 
Finished building: BusTracker_CM4.list
 
11:01:51 **** Incremental Build of configuration Debug for project BusTracker_CM4 ****
make -j7 all 
arm-none-eabi-gcc "../Core/Src/main.c" -mcpu=cortex-m4 -std=gnu11 -g3 -DDEBUG -DCORE_CM4 -DUSE_HAL_DRIVER -DSTM32WL55xx -c -I../Core/Inc -I../../Drivers/STM32WLxx_HAL_Driver/Inc -I../../Drivers/STM32WLxx_HAL_Driver/Inc/Legacy -I../../Drivers/CMSIS/Device/ST/STM32WLxx/Include -I../../Drivers/CMSIS/Include -O0 -ffunction-sections -fdata-sections -Wall -fstack-usage -MMD -MP -MF"Core/Src/main.d" -MT"Core/Src/main.o" --specs=nano.specs -mfloat-abi=soft -mthumb -o "Core/Src/main.o"
../Core/Src/main.c: In function 'main':
../Core/Src/main.c:87:15: warning: unused variable 'desiredNMEA' [-Wunused-variable]
   87 |   const char* desiredNMEA = "$GPGGA";
      |               ^~~~~~~~~~~
At top level:
../Core/Src/main.c:50:22: warning: 'REG_DATA' defined but not used [-Wunused-const-variable=]
   50 | static const uint8_t REG_DATA = 0x00;
      |                      ^~~~~~~~
arm-none-eabi-gcc -o "BusTracker_CM4.elf" @"objects.list"   -mcpu=cortex-m4 -T"/Users/airlanggafidiyanto/Documents/Kuliah/Skripsi/bus-tracker/BusTracker/CM4/STM32WL55JCIX_FLASH.ld" --specs=nosys.specs -Wl,-Map="BusTracker_CM4.map" -Wl,--gc-sections -static --specs=nano.specs -mfloat-abi=soft -mthumb -Wl,--start-group -lc -lm -Wl,--end-group
Finished building target: BusTracker_CM4.elf
 
arm-none-eabi-size   BusTracker_CM4.elf 
arm-none-eabi-objdump -h -S  BusTracker_CM4.elf  > "BusTracker_CM4.list"
   text	   data	    bss	    dec	    hex	filename
  19060	    120	   1952	  21132	   528c	BusTracker_CM4.elf
Finished building: default.size.stdout
 
Finished building: BusTracker_CM4.list
 
11:04:26 **** Incremental Build of configuration Debug for project BusTracker_CM4 ****
make -j7 all 
arm-none-eabi-gcc "../Core/Src/main.c" -mcpu=cortex-m4 -std=gnu11 -g3 -DDEBUG -DCORE_CM4 -DUSE_HAL_DRIVER -DSTM32WL55xx -c -I../Core/Inc -I../../Drivers/STM32WLxx_HAL_Driver/Inc -I../../Drivers/STM32WLxx_HAL_Driver/Inc/Legacy -I../../Drivers/CMSIS/Device/ST/STM32WLxx/Include -I../../Drivers/CMSIS/Include -O0 -ffunction-sections -fdata-sections -Wall -fstack-usage -MMD -MP -MF"Core/Src/main.d" -MT"Core/Src/main.o" --specs=nano.specs -mfloat-abi=soft -mthumb -o "Core/Src/main.o"
../Core/Src/main.c: In function 'main':
../Core/Src/main.c:87:15: warning: unused variable 'desiredNMEA' [-Wunused-variable]
   87 |   const char* desiredNMEA = "$GPGGA";
      |               ^~~~~~~~~~~
At top level:
../Core/Src/main.c:50:22: warning: 'REG_DATA' defined but not used [-Wunused-const-variable=]
   50 | static const uint8_t REG_DATA = 0x00;
      |                      ^~~~~~~~
arm-none-eabi-gcc -o "BusTracker_CM4.elf" @"objects.list"   -mcpu=cortex-m4 -T"/Users/airlanggafidiyanto/Documents/Kuliah/Skripsi/bus-tracker/BusTracker/CM4/STM32WL55JCIX_FLASH.ld" --specs=nosys.specs -Wl,-Map="BusTracker_CM4.map" -Wl,--gc-sections -static --specs=nano.specs -mfloat-abi=soft -mthumb -Wl,--start-group -lc -lm -Wl,--end-group
Finished building target: BusTracker_CM4.elf
 
arm-none-eabi-size   BusTracker_CM4.elf 
arm-none-eabi-objdump -h -S  BusTracker_CM4.elf  > "BusTracker_CM4.list"
   text	   data	    bss	    dec	    hex	filename
  19064	    120	   1952	  21136	   5290	BusTracker_CM4.elf
Finished building: default.size.stdout
 
Finished building: BusTracker_CM4.list
 
11:06:27 **** Incremental Build of configuration Debug for project BusTracker_CM4 ****
make -j7 all 
arm-none-eabi-gcc "../Core/Src/main.c" -mcpu=cortex-m4 -std=gnu11 -g3 -DDEBUG -DCORE_CM4 -DUSE_HAL_DRIVER -DSTM32WL55xx -c -I../Core/Inc -I../../Drivers/STM32WLxx_HAL_Driver/Inc -I../../Drivers/STM32WLxx_HAL_Driver/Inc/Legacy -I../../Drivers/CMSIS/Device/ST/STM32WLxx/Include -I../../Drivers/CMSIS/Include -O0 -ffunction-sections -fdata-sections -Wall -fstack-usage -MMD -MP -MF"Core/Src/main.d" -MT"Core/Src/main.o" --specs=nano.specs -mfloat-abi=soft -mthumb -o "Core/Src/main.o"
../Core/Src/main.c: In function 'main':
../Core/Src/main.c:131:12: error: too many arguments to function 'HAL_UART_Transmit_IT'
  131 |     while (HAL_UART_Transmit_IT(&huart2, buff, strlen((char*)buff), HAL_MAX_DELAY) != HAL_OK);
      |            ^~~~~~~~~~~~~~~~~~~~
In file included from ../Core/Inc/stm32wlxx_hal_conf.h:305,
                 from ../../Drivers/STM32WLxx_HAL_Driver/Inc/stm32wlxx_hal.h:29,
                 from ../Core/Inc/main.h:30,
                 from ../Core/Src/main.c:20:
../../Drivers/STM32WLxx_HAL_Driver/Inc/stm32wlxx_hal_uart.h:1618:19: note: declared here
 1618 | HAL_StatusTypeDef HAL_UART_Transmit_IT(UART_HandleTypeDef *huart, const uint8_t *pData, uint16_t Size);
      |                   ^~~~~~~~~~~~~~~~~~~~
../Core/Src/main.c:87:15: warning: unused variable 'desiredNMEA' [-Wunused-variable]
   87 |   const char* desiredNMEA = "$GPGGA";
      |               ^~~~~~~~~~~
At top level:
../Core/Src/main.c:50:22: warning: 'REG_DATA' defined but not used [-Wunused-const-variable=]
   50 | static const uint8_t REG_DATA = 0x00;
      |                      ^~~~~~~~
make: *** [Core/Src/subdir.mk:31: Core/Src/main.o] Error 1
"make -j7 all" terminated with exit code 2. Build might be incomplete.
11:06:41 **** Incremental Build of configuration Debug for project BusTracker_CM4 ****
make -j7 all 
arm-none-eabi-gcc "../Core/Src/main.c" -mcpu=cortex-m4 -std=gnu11 -g3 -DDEBUG -DCORE_CM4 -DUSE_HAL_DRIVER -DSTM32WL55xx -c -I../Core/Inc -I../../Drivers/STM32WLxx_HAL_Driver/Inc -I../../Drivers/STM32WLxx_HAL_Driver/Inc/Legacy -I../../Drivers/CMSIS/Device/ST/STM32WLxx/Include -I../../Drivers/CMSIS/Include -O0 -ffunction-sections -fdata-sections -Wall -fstack-usage -MMD -MP -MF"Core/Src/main.d" -MT"Core/Src/main.o" --specs=nano.specs -mfloat-abi=soft -mthumb -o "Core/Src/main.o"
../Core/Src/main.c: In function 'main':
../Core/Src/main.c:131:85: error: expected expression before '!=' token
  131 |     while (HAL_UART_Transmit_IT(&huart2, buff, strlen((char*)buff)), HAL_MAX_DELAY) != HAL_OK);
      |                                                                                     ^~
../Core/Src/main.c:131:5: warning: this 'while' clause does not guard... [-Wmisleading-indentation]
  131 |     while (HAL_UART_Transmit_IT(&huart2, buff, strlen((char*)buff)), HAL_MAX_DELAY) != HAL_OK);
      |     ^~~~~
../Core/Src/main.c:131:94: note: ...this statement, but the latter is misleadingly indented as if it were guarded by the 'while'
  131 |     while (HAL_UART_Transmit_IT(&huart2, buff, strlen((char*)buff)), HAL_MAX_DELAY) != HAL_OK);
      |                                                                                              ^
../Core/Src/main.c:131:94: error: expected statement before ')' token
../Core/Src/main.c:87:15: warning: unused variable 'desiredNMEA' [-Wunused-variable]
   87 |   const char* desiredNMEA = "$GPGGA";
      |               ^~~~~~~~~~~
At top level:
../Core/Src/main.c:50:22: warning: 'REG_DATA' defined but not used [-Wunused-const-variable=]
   50 | static const uint8_t REG_DATA = 0x00;
      |                      ^~~~~~~~
make: *** [Core/Src/subdir.mk:31: Core/Src/main.o] Error 1
"make -j7 all" terminated with exit code 2. Build might be incomplete.
11:08:06 **** Incremental Build of configuration Debug for project BusTracker_CM4 ****
make -j7 all 
arm-none-eabi-gcc "../Core/Src/main.c" -mcpu=cortex-m4 -std=gnu11 -g3 -DDEBUG -DCORE_CM4 -DUSE_HAL_DRIVER -DSTM32WL55xx -c -I../Core/Inc -I../../Drivers/STM32WLxx_HAL_Driver/Inc -I../../Drivers/STM32WLxx_HAL_Driver/Inc/Legacy -I../../Drivers/CMSIS/Device/ST/STM32WLxx/Include -I../../Drivers/CMSIS/Include -O0 -ffunction-sections -fdata-sections -Wall -fstack-usage -MMD -MP -MF"Core/Src/main.d" -MT"Core/Src/main.o" --specs=nano.specs -mfloat-abi=soft -mthumb -o "Core/Src/main.o"
../Core/Src/main.c: In function 'main':
../Core/Src/main.c:87:15: warning: unused variable 'desiredNMEA' [-Wunused-variable]
   87 |   const char* desiredNMEA = "$GPGGA";
      |               ^~~~~~~~~~~
At top level:
../Core/Src/main.c:50:22: warning: 'REG_DATA' defined but not used [-Wunused-const-variable=]
   50 | static const uint8_t REG_DATA = 0x00;
      |                      ^~~~~~~~
arm-none-eabi-gcc -o "BusTracker_CM4.elf" @"objects.list"   -mcpu=cortex-m4 -T"/Users/airlanggafidiyanto/Documents/Kuliah/Skripsi/bus-tracker/BusTracker/CM4/STM32WL55JCIX_FLASH.ld" --specs=nosys.specs -Wl,-Map="BusTracker_CM4.map" -Wl,--gc-sections -static --specs=nano.specs -mfloat-abi=soft -mthumb -Wl,--start-group -lc -lm -Wl,--end-group
Finished building target: BusTracker_CM4.elf
 
arm-none-eabi-size   BusTracker_CM4.elf 
arm-none-eabi-objdump -h -S  BusTracker_CM4.elf  > "BusTracker_CM4.list"
   text	   data	    bss	    dec	    hex	filename
  19924	    120	   1952	  21996	   55ec	BusTracker_CM4.elf
Finished building: default.size.stdout
 
Finished building: BusTracker_CM4.list
 
11:08:24 **** Incremental Build of configuration Debug for project BusTracker_CM4 ****
make -j7 all 
arm-none-eabi-gcc "../Core/Src/main.c" -mcpu=cortex-m4 -std=gnu11 -g3 -DDEBUG -DCORE_CM4 -DUSE_HAL_DRIVER -DSTM32WL55xx -c -I../Core/Inc -I../../Drivers/STM32WLxx_HAL_Driver/Inc -I../../Drivers/STM32WLxx_HAL_Driver/Inc/Legacy -I../../Drivers/CMSIS/Device/ST/STM32WLxx/Include -I../../Drivers/CMSIS/Include -O0 -ffunction-sections -fdata-sections -Wall -fstack-usage -MMD -MP -MF"Core/Src/main.d" -MT"Core/Src/main.o" --specs=nano.specs -mfloat-abi=soft -mthumb -o "Core/Src/main.o"
../Core/Src/main.c: In function 'main':
../Core/Src/main.c:87:15: warning: unused variable 'desiredNMEA' [-Wunused-variable]
   87 |   const char* desiredNMEA = "$GPGGA";
      |               ^~~~~~~~~~~
At top level:
../Core/Src/main.c:50:22: warning: 'REG_DATA' defined but not used [-Wunused-const-variable=]
   50 | static const uint8_t REG_DATA = 0x00;
      |                      ^~~~~~~~
arm-none-eabi-gcc -o "BusTracker_CM4.elf" @"objects.list"   -mcpu=cortex-m4 -T"/Users/airlanggafidiyanto/Documents/Kuliah/Skripsi/bus-tracker/BusTracker/CM4/STM32WL55JCIX_FLASH.ld" --specs=nosys.specs -Wl,-Map="BusTracker_CM4.map" -Wl,--gc-sections -static --specs=nano.specs -mfloat-abi=soft -mthumb -Wl,--start-group -lc -lm -Wl,--end-group
Finished building target: BusTracker_CM4.elf
 
arm-none-eabi-size   BusTracker_CM4.elf 
arm-none-eabi-objdump -h -S  BusTracker_CM4.elf  > "BusTracker_CM4.list"
   text	   data	    bss	    dec	    hex	filename
  19924	    120	   1952	  21996	   55ec	BusTracker_CM4.elf
Finished building: default.size.stdout
 
Finished building: BusTracker_CM4.list
 
11:08:52 **** Incremental Build of configuration Debug for project BusTracker_CM4 ****
make -j7 all 
arm-none-eabi-gcc "../Core/Src/main.c" -mcpu=cortex-m4 -std=gnu11 -g3 -DDEBUG -DCORE_CM4 -DUSE_HAL_DRIVER -DSTM32WL55xx -c -I../Core/Inc -I../../Drivers/STM32WLxx_HAL_Driver/Inc -I../../Drivers/STM32WLxx_HAL_Driver/Inc/Legacy -I../../Drivers/CMSIS/Device/ST/STM32WLxx/Include -I../../Drivers/CMSIS/Include -O0 -ffunction-sections -fdata-sections -Wall -fstack-usage -MMD -MP -MF"Core/Src/main.d" -MT"Core/Src/main.o" --specs=nano.specs -mfloat-abi=soft -mthumb -o "Core/Src/main.o"
../Core/Src/main.c: In function 'main':
../Core/Src/main.c:131:61: error: expected ';' before 'HAL_Delay'
  131 |     HAL_UART_Transmit_IT(&huart2, buff, strlen((char*)buff))
      |                                                             ^
      |                                                             ;
  132 |     HAL_Delay(500);
      |     ~~~~~~~~~                                                
../Core/Src/main.c:87:15: warning: unused variable 'desiredNMEA' [-Wunused-variable]
   87 |   const char* desiredNMEA = "$GPGGA";
      |               ^~~~~~~~~~~
At top level:
../Core/Src/main.c:50:22: warning: 'REG_DATA' defined but not used [-Wunused-const-variable=]
   50 | static const uint8_t REG_DATA = 0x00;
      |                      ^~~~~~~~
make: *** [Core/Src/subdir.mk:31: Core/Src/main.o] Error 1
"make -j7 all" terminated with exit code 2. Build might be incomplete.
11:09:00 **** Incremental Build of configuration Debug for project BusTracker_CM4 ****
make -j7 all 
arm-none-eabi-gcc "../Core/Src/main.c" -mcpu=cortex-m4 -std=gnu11 -g3 -DDEBUG -DCORE_CM4 -DUSE_HAL_DRIVER -DSTM32WL55xx -c -I../Core/Inc -I../../Drivers/STM32WLxx_HAL_Driver/Inc -I../../Drivers/STM32WLxx_HAL_Driver/Inc/Legacy -I../../Drivers/CMSIS/Device/ST/STM32WLxx/Include -I../../Drivers/CMSIS/Include -O0 -ffunction-sections -fdata-sections -Wall -fstack-usage -MMD -MP -MF"Core/Src/main.d" -MT"Core/Src/main.o" --specs=nano.specs -mfloat-abi=soft -mthumb -o "Core/Src/main.o"
../Core/Src/main.c: In function 'main':
../Core/Src/main.c:131:60: error: expected ')' before ';' token
  131 |     HAL_UART_Transmit_IT(&huart2, buff, strlen((char*)buff);
      |                                                            ^
      |                                                            )
../Core/Src/main.c:132:20: error: expected ';' before '}' token
  132 |     HAL_Delay(500);
      |                    ^
      |                    ;
......
  150 |   }
      |   ~                 
../Core/Src/main.c:87:15: warning: unused variable 'desiredNMEA' [-Wunused-variable]
   87 |   const char* desiredNMEA = "$GPGGA";
      |               ^~~~~~~~~~~
At top level:
../Core/Src/main.c:50:22: warning: 'REG_DATA' defined but not used [-Wunused-const-variable=]
   50 | static const uint8_t REG_DATA = 0x00;
      |                      ^~~~~~~~
make: *** [Core/Src/subdir.mk:31: Core/Src/main.o] Error 1
"make -j7 all" terminated with exit code 2. Build might be incomplete.
11:09:11 **** Incremental Build of configuration Debug for project BusTracker_CM4 ****
make -j7 all 
arm-none-eabi-gcc "../Core/Src/main.c" -mcpu=cortex-m4 -std=gnu11 -g3 -DDEBUG -DCORE_CM4 -DUSE_HAL_DRIVER -DSTM32WL55xx -c -I../Core/Inc -I../../Drivers/STM32WLxx_HAL_Driver/Inc -I../../Drivers/STM32WLxx_HAL_Driver/Inc/Legacy -I../../Drivers/CMSIS/Device/ST/STM32WLxx/Include -I../../Drivers/CMSIS/Include -O0 -ffunction-sections -fdata-sections -Wall -fstack-usage -MMD -MP -MF"Core/Src/main.d" -MT"Core/Src/main.o" --specs=nano.specs -mfloat-abi=soft -mthumb -o "Core/Src/main.o"
arm-none-eabi-gcc -o "BusTracker_CM4.elf" @"objects.list"   -mcpu=cortex-m4 -T"/Users/airlanggafidiyanto/Documents/Kuliah/Skripsi/bus-tracker/BusTracker/CM4/STM32WL55JCIX_FLASH.ld" --specs=nosys.specs -Wl,-Map="BusTracker_CM4.map" -Wl,--gc-sections -static --specs=nano.specs -mfloat-abi=soft -mthumb -Wl,--start-group -lc -lm -Wl,--end-group
../Core/Src/main.c: In function 'main':
../Core/Src/main.c:87:15: warning: unused variable 'desiredNMEA' [-Wunused-variable]
   87 |   const char* desiredNMEA = "$GPGGA";
      |               ^~~~~~~~~~~
At top level:
../Core/Src/main.c:50:22: warning: 'REG_DATA' defined but not used [-Wunused-const-variable=]
   50 | static const uint8_t REG_DATA = 0x00;
      |                      ^~~~~~~~
Finished building target: BusTracker_CM4.elf
 
arm-none-eabi-size   BusTracker_CM4.elf 
arm-none-eabi-objdump -h -S  BusTracker_CM4.elf  > "BusTracker_CM4.list"
   text	   data	    bss	    dec	    hex	filename
  19916	    120	   1952	  21988	   55e4	BusTracker_CM4.elf
Finished building: default.size.stdout
 
Finished building: BusTracker_CM4.list
 
11:09:36 **** Incremental Build of configuration Debug for project BusTracker_CM4 ****
make -j7 all 
arm-none-eabi-gcc "../Core/Src/main.c" -mcpu=cortex-m4 -std=gnu11 -g3 -DDEBUG -DCORE_CM4 -DUSE_HAL_DRIVER -DSTM32WL55xx -c -I../Core/Inc -I../../Drivers/STM32WLxx_HAL_Driver/Inc -I../../Drivers/STM32WLxx_HAL_Driver/Inc/Legacy -I../../Drivers/CMSIS/Device/ST/STM32WLxx/Include -I../../Drivers/CMSIS/Include -O0 -ffunction-sections -fdata-sections -Wall -fstack-usage -MMD -MP -MF"Core/Src/main.d" -MT"Core/Src/main.o" --specs=nano.specs -mfloat-abi=soft -mthumb -o "Core/Src/main.o"
../Core/Src/main.c: In function 'main':
../Core/Src/main.c:87:15: warning: unused variable 'desiredNMEA' [-Wunused-variable]
   87 |   const char* desiredNMEA = "$GPGGA";
      |               ^~~~~~~~~~~
At top level:
../Core/Src/main.c:50:22: warning: 'REG_DATA' defined but not used [-Wunused-const-variable=]
   50 | static const uint8_t REG_DATA = 0x00;
      |                      ^~~~~~~~
arm-none-eabi-gcc -o "BusTracker_CM4.elf" @"objects.list"   -mcpu=cortex-m4 -T"/Users/airlanggafidiyanto/Documents/Kuliah/Skripsi/bus-tracker/BusTracker/CM4/STM32WL55JCIX_FLASH.ld" --specs=nosys.specs -Wl,-Map="BusTracker_CM4.map" -Wl,--gc-sections -static --specs=nano.specs -mfloat-abi=soft -mthumb -Wl,--start-group -lc -lm -Wl,--end-group
Finished building target: BusTracker_CM4.elf
 
arm-none-eabi-size   BusTracker_CM4.elf 
arm-none-eabi-objdump -h -S  BusTracker_CM4.elf  > "BusTracker_CM4.list"
   text	   data	    bss	    dec	    hex	filename
  19916	    120	   1952	  21988	   55e4	BusTracker_CM4.elf
Finished building: default.size.stdout
 
Finished building: BusTracker_CM4.list
 
11:09:56 **** Incremental Build of configuration Debug for project BusTracker_CM4 ****
make -j7 all 
arm-none-eabi-gcc "../Core/Src/main.c" -mcpu=cortex-m4 -std=gnu11 -g3 -DDEBUG -DCORE_CM4 -DUSE_HAL_DRIVER -DSTM32WL55xx -c -I../Core/Inc -I../../Drivers/STM32WLxx_HAL_Driver/Inc -I../../Drivers/STM32WLxx_HAL_Driver/Inc/Legacy -I../../Drivers/CMSIS/Device/ST/STM32WLxx/Include -I../../Drivers/CMSIS/Include -O0 -ffunction-sections -fdata-sections -Wall -fstack-usage -MMD -MP -MF"Core/Src/main.d" -MT"Core/Src/main.o" --specs=nano.specs -mfloat-abi=soft -mthumb -o "Core/Src/main.o"
../Core/Src/main.c: In function 'main':
../Core/Src/main.c:87:15: warning: unused variable 'desiredNMEA' [-Wunused-variable]
   87 |   const char* desiredNMEA = "$GPGGA";
      |               ^~~~~~~~~~~
At top level:
../Core/Src/main.c:50:22: warning: 'REG_DATA' defined but not used [-Wunused-const-variable=]
   50 | static const uint8_t REG_DATA = 0x00;
      |                      ^~~~~~~~
arm-none-eabi-gcc -o "BusTracker_CM4.elf" @"objects.list"   -mcpu=cortex-m4 -T"/Users/airlanggafidiyanto/Documents/Kuliah/Skripsi/bus-tracker/BusTracker/CM4/STM32WL55JCIX_FLASH.ld" --specs=nosys.specs -Wl,-Map="BusTracker_CM4.map" -Wl,--gc-sections -static --specs=nano.specs -mfloat-abi=soft -mthumb -Wl,--start-group -lc -lm -Wl,--end-group
Finished building target: BusTracker_CM4.elf
 
arm-none-eabi-size   BusTracker_CM4.elf 
arm-none-eabi-objdump -h -S  BusTracker_CM4.elf  > "BusTracker_CM4.list"
   text	   data	    bss	    dec	    hex	filename
  19064	    120	   1952	  21136	   5290	BusTracker_CM4.elf
Finished building: default.size.stdout
 
Finished building: BusTracker_CM4.list
 
11:10:14 **** Incremental Build of configuration Debug for project BusTracker_CM4 ****
make -j7 all 
arm-none-eabi-gcc "../Core/Src/main.c" -mcpu=cortex-m4 -std=gnu11 -g3 -DDEBUG -DCORE_CM4 -DUSE_HAL_DRIVER -DSTM32WL55xx -c -I../Core/Inc -I../../Drivers/STM32WLxx_HAL_Driver/Inc -I../../Drivers/STM32WLxx_HAL_Driver/Inc/Legacy -I../../Drivers/CMSIS/Device/ST/STM32WLxx/Include -I../../Drivers/CMSIS/Include -O0 -ffunction-sections -fdata-sections -Wall -fstack-usage -MMD -MP -MF"Core/Src/main.d" -MT"Core/Src/main.o" --specs=nano.specs -mfloat-abi=soft -mthumb -o "Core/Src/main.o"
../Core/Src/main.c: In function 'main':
../Core/Src/main.c:87:15: warning: unused variable 'desiredNMEA' [-Wunused-variable]
   87 |   const char* desiredNMEA = "$GPGGA";
      |               ^~~~~~~~~~~
At top level:
../Core/Src/main.c:50:22: warning: 'REG_DATA' defined but not used [-Wunused-const-variable=]
   50 | static const uint8_t REG_DATA = 0x00;
      |                      ^~~~~~~~
arm-none-eabi-gcc -o "BusTracker_CM4.elf" @"objects.list"   -mcpu=cortex-m4 -T"/Users/airlanggafidiyanto/Documents/Kuliah/Skripsi/bus-tracker/BusTracker/CM4/STM32WL55JCIX_FLASH.ld" --specs=nosys.specs -Wl,-Map="BusTracker_CM4.map" -Wl,--gc-sections -static --specs=nano.specs -mfloat-abi=soft -mthumb -Wl,--start-group -lc -lm -Wl,--end-group
Finished building target: BusTracker_CM4.elf
 
arm-none-eabi-size   BusTracker_CM4.elf 
arm-none-eabi-objdump -h -S  BusTracker_CM4.elf  > "BusTracker_CM4.list"
   text	   data	    bss	    dec	    hex	filename
  19064	    120	   1952	  21136	   5290	BusTracker_CM4.elf
Finished building: default.size.stdout
 
Finished building: BusTracker_CM4.list
 
