11:40:51 **** Incremental Build of configuration Debug for project Teseo ****
make -j7 all 
arm-none-eabi-gcc "../Middlewares/ST/lib_gnss/LibNMEA/Src/NMEA_parser.c" -mcpu=cortex-m4 -std=gnu11 -g3 -DDEBUG -DCORE_CM4 -DUSE_HAL_DRIVER -DSTM32WL55xx -c -I../Core/Inc -I../Drivers/STM32WLxx_HAL_Driver/Inc -I../Drivers/STM32WLxx_HAL_Driver/Inc/Legacy -I../Drivers/CMSIS/Device/ST/STM32WLxx/Include -I../Drivers/CMSIS/Include -I../GNSS/App -I../GNSS/Target -I../Drivers/BSP/STM32WLxx_Nucleo -I../Middlewares/ST/lib_gnss/LibGNSS/Inc -I../Middlewares/ST/lib_gnss/LibNMEA/Inc -I../Drivers/BSP/Components/teseo_liv3f -O0 -ffunction-sections -fdata-sections -Wall -fstack-usage -MMD -MP -MF"Middlewares/ST/lib_gnss/LibNMEA/Src/NMEA_parser.d" -MT"Middlewares/ST/lib_gnss/LibNMEA/Src/NMEA_parser.o" --specs=nano.specs -mfloat-abi=soft -mthumb -o "Middlewares/ST/lib_gnss/LibNMEA/Src/NMEA_parser.o"
arm-none-eabi-gcc -o "Teseo.elf" @"objects.list"   -mcpu=cortex-m4 -T"/Users/airlanggafidiyanto/Documents/Kuliah/Skripsi/bus-tracker/Teseo/STM32WL55JCIX_FLASH.ld" --specs=nosys.specs -Wl,-Map="Teseo.map" -Wl,--gc-sections -static --specs=nano.specs -mfloat-abi=soft -mthumb -u _printf_float -u _scanf_float -Wl,--start-group -lc -lm -Wl,--end-group
Finished building target: Teseo.elf
 
arm-none-eabi-size   Teseo.elf 
arm-none-eabi-objdump -h -S  Teseo.elf  > "Teseo.list"
arm-none-eabi-objcopy  -O ihex  Teseo.elf  "Teseo.hex"
arm-none-eabi-objcopy  -O binary  Teseo.elf  "Teseo.bin"
   text	   data	    bss	    dec	    hex	filename
  62100	    492	   5600	  68192	  10a60	Teseo.elf
Finished building: default.size.stdout
 
Finished building: Teseo.bin
Finished building: Teseo.hex
 
 
Finished building: Teseo.list
 

11:40:52 Build Finished. 0 errors, 0 warnings. (took 793ms)

