20:04:13 **** Incremental Build of configuration Debug for project TestSIM ****
make -j7 all 
arm-none-eabi-gcc "../Core/Src/main.c" -mcpu=cortex-m3 -std=gnu11 -g3 -DDEBUG -DUSE_HAL_DRIVER -DSTM32F103xB -c -I../Core/Inc -I../Drivers/STM32F1xx_HAL_Driver/Inc/Legacy -I../Drivers/STM32F1xx_HAL_Driver/Inc -I../Drivers/CMSIS/Device/ST/STM32F1xx/Include -I../Drivers/CMSIS/Include -I../USB_DEVICE/App -I../USB_DEVICE/Target -I../Middlewares/ST/STM32_USB_Device_Library/Core/Inc -I../Middlewares/ST/STM32_USB_Device_Library/Class/CDC/Inc -O0 -ffunction-sections -fdata-sections -Wall -fstack-usage -MMD -MP -MF"Core/Src/main.d" -MT"Core/Src/main.o" --specs=nano.specs -mfloat-abi=soft -mthumb -o "Core/Src/main.o"
../Core/Src/main.c: In function 'SIMTransmit':
../Core/Src/main.c:109:53: warning: pointer targets in passing argument 1 of 'strlen' differ in signedness [-Wpointer-sign]
  109 |     while(CDC_Transmit_FS((uint8_t*) buffer, strlen(buffer))== USBD_BUSY);
      |                                                     ^~~~~~
      |                                                     |
      |                                                     uint8_t * {aka unsigned char *}
In file included from ../USB_DEVICE/Target/usbd_conf.h:32,
                 from ../Middlewares/ST/STM32_USB_Device_Library/Core/Inc/usbd_def.h:29,
                 from ../USB_DEVICE/App/usb_device.h:32,
                 from ../Core/Src/main.c:22:
/Applications/STM32CubeIDE.app/Contents/Eclipse/plugins/com.st.stm32cube.ide.mcu.externaltools.gnu-tools-for-stm32.10.3-2021.10.macos64_1.0.0.202111181127/tools/arm-none-eabi/include/string.h:41:17: note: expected 'const char *' but argument is of type 'uint8_t *' {aka 'unsigned char *'}
   41 | size_t  strlen (const char *);
      |                 ^~~~~~~~~~~~
../Core/Src/main.c: In function 'main':
../Core/Src/main.c:186:12: warning: passing argument 1 of 'sprintf' discards 'const' qualifier from pointer target type [-Wdiscarded-qualifiers]
  186 |    sprintf(at_response,"Function Run\r\n"); // Specif
      |            ^~~~~~~~~~~
In file included from ../USB_DEVICE/Target/usbd_conf.h:30,
                 from ../Middlewares/ST/STM32_USB_Device_Library/Core/Inc/usbd_def.h:29,
                 from ../USB_DEVICE/App/usb_device.h:32,
                 from ../Core/Src/main.c:22:
/Applications/STM32CubeIDE.app/Contents/Eclipse/plugins/com.st.stm32cube.ide.mcu.externaltools.gnu-tools-for-stm32.10.3-2021.10.macos64_1.0.0.202111181127/tools/arm-none-eabi/include/stdio.h:244:14: note: expected 'char * restrict' but argument is of type 'const char *'
  244 | int sprintf (char *__restrict, const char *__restrict, ...)
      |              ^
../Core/Src/main.c:186:26: warning: 'Function Run
   ' directive writing 14 bytes into a region of size 1 [-Wformat-overflow=]
  186 |    sprintf(at_response,"Function Run\r\n"); // Specif
      |                         ~^~~~~~~~~~~~~~~
../Core/Src/main.c:186:4: note: 'sprintf' output 15 bytes into a destination of size 1
  186 |    sprintf(at_response,"Function Run\r\n"); // Specif
      |    ^~~~~~~~~~~~~~~~~~~~~~~~~~~~~~~~~~~~~~~
arm-none-eabi-gcc -o "TestSIM.elf" @"objects.list"   -mcpu=cortex-m3 -T"/Users/airlanggafidiyanto/Documents/Kuliah/Skripsi/bus-tracker/TestSIM/STM32F103C8TX_FLASH.ld" --specs=nosys.specs -Wl,-Map="TestSIM.map" -Wl,--gc-sections -static --specs=nano.specs -mfloat-abi=soft -mthumb -u _printf_float -u _scanf_float -Wl,--start-group -lc -lm -Wl,--end-group
Finished building target: TestSIM.elf
 
arm-none-eabi-size   TestSIM.elf 
arm-none-eabi-objdump -h -S  TestSIM.elf  > "TestSIM.list"
   text	   data	    bss	    dec	    hex	filename
  56704	    856	   6176	  63736	   f8f8	TestSIM.elf
Finished building: default.size.stdout
 
Finished building: TestSIM.list
 

20:04:14 Build Finished. 0 errors, 3 warnings. (took 749ms)

